2026-06-06 02:41:58.127 | DEBUG    | ttnn:<module>:79 - Initial ttnn.CONFIG:
Config{cache_path=/home/aditya/.cache/ttnn,model_cache_path=/home/aditya/.cache/ttnn/models,tmp_dir=/tmp/ttnn,enable_model_cache=false,enable_fast_runtime_mode=true,throw_exception_on_fallback=false,enable_logging=false,enable_graph_report=false,enable_detailed_buffer_report=false,enable_detailed_tensor_report=false,enable_comparison_mode=false,comparison_mode_should_raise_exception=false,comparison_mode_pcc=0.9999,root_report_path=generated/ttnn/reports,report_name=std::nullopt,std::nullopt}
[02:41:58] bootstrapping Gemma 4 12B server (~80s)…
[02:41:58] [bootstrap] open mesh + fabric…
2026-06-06 02:41:58.218 | info     |             UMD | Creating TopologyDiscovery for architecture: blackhole (topology_discovery.cpp:72)
2026-06-06 02:41:58.222 | info     |             UMD | Established firmware bundle version: 19.6.0 (topology_discovery.cpp:468)
2026-06-06 02:41:58.222 | info     |             UMD | Firmware bundle version 19.6.0 on the system is newer than the latest fully tested version 19.5.0 for blackhole architecture. Newest features may not be supported. (topology_discovery.cpp:494)
2026-06-06 02:41:58.239 | info     |          Device | Opening user mode device driver (tt_cluster.cpp:224)
2026-06-06 02:41:58.239 | info     |             UMD | Creating TopologyDiscovery for architecture: blackhole (topology_discovery.cpp:72)
2026-06-06 02:41:58.243 | info     |             UMD | Established firmware bundle version: 19.6.0 (topology_discovery.cpp:468)
2026-06-06 02:41:58.243 | info     |             UMD | Firmware bundle version 19.6.0 on the system is newer than the latest fully tested version 19.5.0 for blackhole architecture. Newest features may not be supported. (topology_discovery.cpp:494)
2026-06-06 02:41:58.258 | info     |             UMD | Harvesting masks for Chip 2: Tensix: 0xc0 DRAM: 0x0 ETH: 0x120 PCIe: 0x2 L2CPU: 0x0 (cluster.cpp:275)
2026-06-06 02:41:58.309 | info     |             UMD | Harvesting masks for Chip 0: Tensix: 0xc0 DRAM: 0x0 ETH: 0x120 PCIe: 0x2 L2CPU: 0x0 (cluster.cpp:275)
2026-06-06 02:41:58.312 | info     |             UMD | Harvesting masks for Chip 1: Tensix: 0xc0 DRAM: 0x0 ETH: 0x120 PCIe: 0x2 L2CPU: 0x0 (cluster.cpp:275)
2026-06-06 02:41:58.316 | info     |             UMD | Harvesting masks for Chip 3: Tensix: 0xc0 DRAM: 0x0 ETH: 0x120 PCIe: 0x2 L2CPU: 0x0 (cluster.cpp:275)
2026-06-06 02:41:58.319 | info     |             UMD | Opening local chip ids/PCIe ids: {0, 1, 2, 3}/[1, 2, 3, 0] and remote chip ids {} (cluster.cpp:177)
2026-06-06 02:41:58.319 | info     |             UMD | IOMMU: disabled (cluster.cpp:157)
2026-06-06 02:41:58.319 | info     |             UMD | KMD version: 2.8.0 (cluster.cpp:160)
2026-06-06 02:41:58.323 | info     |             UMD | Starting devices in cluster (cluster.cpp:949)
2026-06-06 02:41:58.324 | info     |             UMD | Mapped hugepage 0x440000000 to NOC address 0x1000000000000000 (silicon_sysmem_manager.cpp:262)
2026-06-06 02:41:58.325 | info     |             UMD | Mapped hugepage 0x500000000 to NOC address 0x1000000000000000 (silicon_sysmem_manager.cpp:262)
2026-06-06 02:41:58.326 | info     |             UMD | Mapped hugepage 0x480000000 to NOC address 0x1000000000000000 (silicon_sysmem_manager.cpp:262)
2026-06-06 02:41:58.327 | info     |             UMD | Mapped hugepage 0x4c0000000 to NOC address 0x1000000000000000 (silicon_sysmem_manager.cpp:262)
2026-06-06 02:41:59.142 | info     |     Distributed | Using auto discovery to generate mesh graph. (metal_env.cpp:332)
2026-06-06 02:41:59.142 | info     |     Distributed | Constructing control plane using auto-discovery (no mesh graph descriptor). (metal_env.cpp:394)
2026-06-06 02:41:59.143 | info     |             UMD | Creating TopologyDiscovery for architecture: blackhole (topology_discovery.cpp:72)
2026-06-06 02:41:59.144 | info     |             UMD | Established firmware bundle version: 19.6.0 (topology_discovery.cpp:468)
2026-06-06 02:41:59.144 | info     |             UMD | Firmware bundle version 19.6.0 on the system is newer than the latest fully tested version 19.5.0 for blackhole architecture. Newest features may not be supported. (topology_discovery.cpp:494)
2026-06-06 02:41:59.153 | info     |          Fabric | TopologyMapper: Logical Multi-Mesh Adjacency Map: (topology_mapper.cpp:1474)
2026-06-06 02:41:59.153 | info     |          Fabric | 
=== Logical Mesh-Level Graph Adjacency Map ===
Total nodes: 1
Degree histogram: {0:1}
 (topology_solver.tpp:91)
2026-06-06 02:41:59.153 | info     |          Fabric | 
=== Logical Mesh 0 Internal Graph Adjacency Map ===
Total nodes: 4
Degree histogram: {2:4}
 (topology_solver.tpp:91)
2026-06-06 02:41:59.142 | DEBUG    | ttnn.device:__init__:150 - Using default dispatch core type for this system: DispatchCoreType.WORKER
2026-06-06 02:41:59.142 | DEBUG    | ttnn.device:__init__:152 - Using default dispatch core axis for this system: DispatchCoreAxis.COL
2026-06-06 02:41:59.153 | info     |          Fabric | TopologyMapper: Physical Multi-Mesh Adjacency Map: (topology_mapper.cpp:1485)
2026-06-06 02:41:59.153 | info     |          Fabric | 
=== Physical Mesh-Level Graph Adjacency Map ===
Total nodes: 1
Degree histogram: {0:1}
 (topology_solver.tpp:91)
2026-06-06 02:41:59.153 | info     |          Fabric | 
=== Physical Mesh 0 Internal Graph Adjacency Map ===
Total nodes: 4
Degree histogram: {2:4}
 (topology_solver.tpp:91)
2026-06-06 02:41:59.153 | info     |          Fabric | Starting multi-mesh mapping: 1 logical mesh(es) to 1 physical mesh(es) (topology_mapper_utils.cpp:1465)
2026-06-06 02:41:59.153 | info     |          Fabric | Multi-mesh mapping attempt 1/2: Trying inter-mesh mapping (topology_mapper_utils.cpp:1506)
2026-06-06 02:41:59.153 | info     |          Fabric | Attempt 1: Inter-mesh mapping succeeded, found 1 mesh pair(s) (topology_mapper_utils.cpp:1535)
2026-06-06 02:41:59.153 | info     |          Fabric | Attempt 1: Mapping 1 mesh pair(s) (topology_mapper_utils.cpp:1547)
2026-06-06 02:41:59.153 | info     |          Fabric | Attempt 1: Mapping mesh 0 -> 0 (topology_mapper_utils.cpp:1549)
2026-06-06 02:41:59.153 | info     |          Fabric | Multi-mesh mapping succeeded after 1 attempt(s): 1 mesh pair(s) mapped (topology_mapper_utils.cpp:1682)
2026-06-06 02:41:59.179 | info     |    BuildKernels | Using pre-compiled firmware from: /home/aditya/tenstorrent/tt-metal/tt_metal/pre-compiled/7480443082328483327/ (build_env_manager.cpp:256)
2026-06-06 02:41:59.179 | info     |    BuildKernels | Using pre-compiled firmware from: /home/aditya/tenstorrent/tt-metal/tt_metal/pre-compiled/7480443082328483327/ (build_env_manager.cpp:256)
2026-06-06 02:41:59.179 | info     |    BuildKernels | Using pre-compiled firmware from: /home/aditya/tenstorrent/tt-metal/tt_metal/pre-compiled/7480443082328483327/ (build_env_manager.cpp:256)
2026-06-06 02:41:59.179 | info     |    BuildKernels | Using pre-compiled firmware from: /home/aditya/tenstorrent/tt-metal/tt_metal/pre-compiled/7480443082328483327/ (build_env_manager.cpp:256)
2026-06-06 02:41:59.252 | info     |           Metal | Initializing Fabric (fabric_firmware_initializer.cpp:45)
2026-06-06 02:41:59.288 | info     |           Metal | Fabric initialized on Device 0 (device.cpp:412)
2026-06-06 02:41:59.290 | info     |           Metal | Fabric initialized on Device 1 (device.cpp:412)
2026-06-06 02:41:59.291 | info     |           Metal | Fabric initialized on Device 2 (device.cpp:412)
2026-06-06 02:41:59.293 | info     |           Metal | Fabric initialized on Device 3 (device.cpp:412)
2026-06-06 02:41:59.293 | info     |           Metal | Fabric initialized on 4 devices (fabric_firmware_initializer.cpp:173)
2026-06-06 02:41:59.293 | info     |           Metal | Fabric Initialized with config FabricConfig::FABRIC_1D (fabric_firmware_initializer.cpp:48)
[02:41:59]   mesh: MeshDevice(1x4 grid, 4 devices)
[02:41:59] [bootstrap] variant=it model=google/gemma-4-12B-it — config + tokenizer…
[transformers] You are using a model of type `gemma4_unified` to instantiate a model of type ``. This may be expected if you are loading a checkpoint that shares a subset of the architecture (e.g., loading a `sam2_video` checkpoint into `Sam2Model`), but is otherwise not supported and can yield errors. Please verify that the checkpoint is compatible with the model you are instantiating.
[02:42:03]   tokenizer: GemmaTokenizer, eos_token='<eos>' id=1, chat_template_installed=True
[02:42:03]   48 layers; 40 sliding / 8 global
[02:42:03] [bootstrap] enumerate shards + load top-level weights to mesh…
[02:42:03]   677 keys total
[02:42:05]   embed: (262144, 3840)
[02:42:05]   final_norm: (3840,)
[02:42:12]   lm_head (tied, vocab-sharded dim=1, per-chip 65536): (3840, 262144)
[02:42:12]   paged SDPA: MAX_KV=4096, block_size=32, num_blocks=128
[02:42:18]   KV caches: 48 layers allocated (sliding: 2 caches/layer × 40 layers)
[02:42:18]   SDPA program/memory/compute configs ready
[02:42:18]   RoPE tables: sliding [(4096, 256)] + global [(4096, 512)] (MAX_KV=4096, sin half-sign-baked for round-5 roll fusion)
[02:42:18] [bootstrap] uploading 48 layer weights to mesh…
[02:42:32]   layer 10/48 uploaded (13.9s)
[02:42:46]   layer 20/48 uploaded (28.1s)
[02:43:00]   layer 30/48 uploaded (42.0s)
[02:43:13]   layer 40/48 uploaded (55.6s)
[02:43:25]   all layer weights uploaded in 66.8s
[02:43:25] [bootstrap] ready (v0.1.0 — embed + L0 input_layernorm only).
[02:43:25] bootstrap took 87.0s
[02:43:25] running 100 EAGER steps (teacher-forced pos 0..5, free-run after)…
[02:43:43]   eager done in 18.3s (182.8 ms/tok)
[02:43:43]   eager first 10: [532, 575, 532, 496, 100, 45518, 100, 101, 818, 5279]
[02:43:43]   eager last  10: [1018, 45518, 107, 101, 818, 5279, 529, 7001, 563, 5213]
[02:43:43] capturing decode trace…
[02:43:43] [trace] warmup + capture decode trace…
[02:43:44] [trace] captured in 644 ms (id=MeshTraceId(0))
[02:43:44]   trace capture took 0.6s
[02:43:44] running 100 TRACED steps (same prompt)…
[02:43:48]   traced done in 4.7s (47.4 ms/tok)
[02:43:48]   traced first 10: [532, 575, 532, 496, 100, 45518, 100, 101, 818, 5279]
[02:43:48]   traced last  10: [1018, 45518, 107, 101, 818, 5279, 529, 7001, 563, 5213]
[02:43:48] ==============================================================================
[02:43:48] v0.4 traced vs eager token-for-token match: 100/100
[02:43:48] ==============================================================================
[02:43:48] VERDICT: PASS
2026-06-06 02:43:49.964 | info     |    BuildKernels | JIT cache stats: 492/492 hits (100.0%) [492 cached, 374 build-once dedup, 0 merged artifacts, 0 merged genfiles] (build_cache_telemetry.cpp:197)
2026-06-06 02:43:49.964 | info     |    BuildKernels | JIT telemetry: 3 registered TelemetryTokens (build_cache_telemetry.cpp:230)
2026-06-06 02:43:49.964 | info     |    BuildKernels | JIT telemetry [dependencies_up_to_date]: count=984, total=774.818ms, min=0.021ms, max=6.402ms, mean=0.787ms (build_cache_telemetry.cpp:238)
2026-06-06 02:43:49.964 | info     |    BuildKernels | JIT telemetry [JitBuildState::build]: count=492, total=808.853ms, min=0.558ms, max=6.612ms, mean=1.644ms (build_cache_telemetry.cpp:238)
2026-06-06 02:43:49.964 | info     |    BuildKernels | JIT telemetry [jit_build]: count=159, total=301.142ms, min=0.576ms, max=6.685ms, mean=1.894ms (build_cache_telemetry.cpp:238)
2026-06-06 02:43:49.994 | info     |          Device | Closing user mode device drivers (tt_cluster.cpp:490)
2026-06-06 02:43:49.994 | info     |             UMD | Closing devices in cluster (cluster.cpp:961)
