2026-06-06 05:50:51.232 | DEBUG    | ttnn:<module>:79 - Initial ttnn.CONFIG:
Config{cache_path=/home/aditya/.cache/ttnn,model_cache_path=/home/aditya/.cache/ttnn/models,tmp_dir=/tmp/ttnn,enable_model_cache=false,enable_fast_runtime_mode=true,throw_exception_on_fallback=false,enable_logging=false,enable_graph_report=false,enable_detailed_buffer_report=false,enable_detailed_tensor_report=false,enable_comparison_mode=false,comparison_mode_should_raise_exception=false,comparison_mode_pcc=0.9999,root_report_path=generated/ttnn/reports,report_name=std::nullopt,std::nullopt}
[transformers] You are using a model of type `gemma4_unified` to instantiate a model of type ``. This may be expected if you are loading a checkpoint that shares a subset of the architecture (e.g., loading a `sam2_video` checkpoint into `Sam2Model`), but is otherwise not supported and can yield errors. Please verify that the checkpoint is compatible with the model you are instantiating.
[05:50:55] bootstrapping Gemma 4 12B IT server (~5min on qb2)…
[05:50:55] [bootstrap] open mesh + fabric…
2026-06-06 05:50:55.670 | info     |             UMD | Creating TopologyDiscovery for architecture: blackhole (topology_discovery.cpp:72)
2026-06-06 05:50:55.674 | info     |             UMD | Established firmware bundle version: 19.6.0 (topology_discovery.cpp:468)
2026-06-06 05:50:55.674 | info     |             UMD | Firmware bundle version 19.6.0 on the system is newer than the latest fully tested version 19.5.0 for blackhole architecture. Newest features may not be supported. (topology_discovery.cpp:494)
2026-06-06 05:50:55.690 | info     |          Device | Opening user mode device driver (tt_cluster.cpp:224)
2026-06-06 05:50:55.690 | info     |             UMD | Creating TopologyDiscovery for architecture: blackhole (topology_discovery.cpp:72)
2026-06-06 05:50:55.694 | info     |             UMD | Established firmware bundle version: 19.6.0 (topology_discovery.cpp:468)
2026-06-06 05:50:55.694 | info     |             UMD | Firmware bundle version 19.6.0 on the system is newer than the latest fully tested version 19.5.0 for blackhole architecture. Newest features may not be supported. (topology_discovery.cpp:494)
2026-06-06 05:50:55.709 | info     |             UMD | Harvesting masks for Chip 2: Tensix: 0xc0 DRAM: 0x0 ETH: 0x120 PCIe: 0x2 L2CPU: 0x0 (cluster.cpp:275)
2026-06-06 05:50:55.735 | info     |             UMD | Harvesting masks for Chip 0: Tensix: 0xc0 DRAM: 0x0 ETH: 0x120 PCIe: 0x2 L2CPU: 0x0 (cluster.cpp:275)
2026-06-06 05:50:55.739 | info     |             UMD | Harvesting masks for Chip 1: Tensix: 0xc0 DRAM: 0x0 ETH: 0x120 PCIe: 0x2 L2CPU: 0x0 (cluster.cpp:275)
2026-06-06 05:50:55.743 | info     |             UMD | Harvesting masks for Chip 3: Tensix: 0xc0 DRAM: 0x0 ETH: 0x120 PCIe: 0x2 L2CPU: 0x0 (cluster.cpp:275)
2026-06-06 05:50:55.746 | info     |             UMD | Opening local chip ids/PCIe ids: {0, 1, 2, 3}/[1, 2, 3, 0] and remote chip ids {} (cluster.cpp:177)
2026-06-06 05:50:55.746 | info     |             UMD | IOMMU: disabled (cluster.cpp:157)
2026-06-06 05:50:55.746 | info     |             UMD | KMD version: 2.8.0 (cluster.cpp:160)
2026-06-06 05:50:55.750 | info     |             UMD | Starting devices in cluster (cluster.cpp:949)
2026-06-06 05:50:55.750 | info     |             UMD | Mapped hugepage 0x440000000 to NOC address 0x1000000000000000 (silicon_sysmem_manager.cpp:262)
2026-06-06 05:50:55.752 | info     |             UMD | Mapped hugepage 0x500000000 to NOC address 0x1000000000000000 (silicon_sysmem_manager.cpp:262)
2026-06-06 05:50:55.753 | info     |             UMD | Mapped hugepage 0x480000000 to NOC address 0x1000000000000000 (silicon_sysmem_manager.cpp:262)
2026-06-06 05:50:55.754 | info     |             UMD | Mapped hugepage 0x4c0000000 to NOC address 0x1000000000000000 (silicon_sysmem_manager.cpp:262)
2026-06-06 05:50:56.726 | DEBUG    | ttnn.device:__init__:150 - Using default dispatch core type for this system: DispatchCoreType.WORKER
2026-06-06 05:50:56.726 | DEBUG    | ttnn.device:__init__:152 - Using default dispatch core axis for this system: DispatchCoreAxis.COL
2026-06-06 05:50:56.726 | info     |     Distributed | Using auto discovery to generate mesh graph. (metal_env.cpp:332)
2026-06-06 05:50:56.726 | info     |     Distributed | Constructing control plane using auto-discovery (no mesh graph descriptor). (metal_env.cpp:394)
2026-06-06 05:50:56.727 | info     |             UMD | Creating TopologyDiscovery for architecture: blackhole (topology_discovery.cpp:72)
2026-06-06 05:50:56.728 | info     |             UMD | Established firmware bundle version: 19.6.0 (topology_discovery.cpp:468)
2026-06-06 05:50:56.728 | info     |             UMD | Firmware bundle version 19.6.0 on the system is newer than the latest fully tested version 19.5.0 for blackhole architecture. Newest features may not be supported. (topology_discovery.cpp:494)
2026-06-06 05:50:56.736 | info     |          Fabric | TopologyMapper: Logical Multi-Mesh Adjacency Map: (topology_mapper.cpp:1474)
2026-06-06 05:50:56.736 | info     |          Fabric | 
=== Logical Mesh-Level Graph Adjacency Map ===
Total nodes: 1
Degree histogram: {0:1}
 (topology_solver.tpp:91)
2026-06-06 05:50:56.736 | info     |          Fabric | 
=== Logical Mesh 0 Internal Graph Adjacency Map ===
Total nodes: 4
Degree histogram: {2:4}
 (topology_solver.tpp:91)
2026-06-06 05:50:56.736 | info     |          Fabric | TopologyMapper: Physical Multi-Mesh Adjacency Map: (topology_mapper.cpp:1485)
2026-06-06 05:50:56.736 | info     |          Fabric | 
=== Physical Mesh-Level Graph Adjacency Map ===
Total nodes: 1
Degree histogram: {0:1}
 (topology_solver.tpp:91)
2026-06-06 05:50:56.736 | info     |          Fabric | 
=== Physical Mesh 0 Internal Graph Adjacency Map ===
Total nodes: 4
Degree histogram: {2:4}
 (topology_solver.tpp:91)
2026-06-06 05:50:56.736 | info     |          Fabric | Starting multi-mesh mapping: 1 logical mesh(es) to 1 physical mesh(es) (topology_mapper_utils.cpp:1465)
2026-06-06 05:50:56.736 | info     |          Fabric | Multi-mesh mapping attempt 1/2: Trying inter-mesh mapping (topology_mapper_utils.cpp:1506)
2026-06-06 05:50:56.736 | info     |          Fabric | Attempt 1: Inter-mesh mapping succeeded, found 1 mesh pair(s) (topology_mapper_utils.cpp:1535)
2026-06-06 05:50:56.736 | info     |          Fabric | Attempt 1: Mapping 1 mesh pair(s) (topology_mapper_utils.cpp:1547)
2026-06-06 05:50:56.736 | info     |          Fabric | Attempt 1: Mapping mesh 0 -> 0 (topology_mapper_utils.cpp:1549)
2026-06-06 05:50:56.736 | info     |          Fabric | Multi-mesh mapping succeeded after 1 attempt(s): 1 mesh pair(s) mapped (topology_mapper_utils.cpp:1682)
2026-06-06 05:50:56.751 | info     |    BuildKernels | Using pre-compiled firmware from: /home/aditya/tenstorrent/tt-metal/tt_metal/pre-compiled/7480443082328483327/ (build_env_manager.cpp:256)
2026-06-06 05:50:56.751 | info     |    BuildKernels | Using pre-compiled firmware from: /home/aditya/tenstorrent/tt-metal/tt_metal/pre-compiled/7480443082328483327/ (build_env_manager.cpp:256)
2026-06-06 05:50:56.751 | info     |    BuildKernels | Using pre-compiled firmware from: /home/aditya/tenstorrent/tt-metal/tt_metal/pre-compiled/7480443082328483327/ (build_env_manager.cpp:256)
2026-06-06 05:50:56.751 | info     |    BuildKernels | Using pre-compiled firmware from: /home/aditya/tenstorrent/tt-metal/tt_metal/pre-compiled/7480443082328483327/ (build_env_manager.cpp:256)
2026-06-06 05:50:56.814 | info     |           Metal | Initializing Fabric (fabric_firmware_initializer.cpp:45)
2026-06-06 05:50:56.890 | info     |           Metal | Fabric initialized on Device 0 (device.cpp:412)
2026-06-06 05:50:56.894 | info     |           Metal | Fabric initialized on Device 1 (device.cpp:412)
2026-06-06 05:50:56.895 | info     |           Metal | Fabric initialized on Device 2 (device.cpp:412)
2026-06-06 05:50:56.897 | info     |           Metal | Fabric initialized on Device 3 (device.cpp:412)
2026-06-06 05:50:56.897 | info     |           Metal | Fabric initialized on 4 devices (fabric_firmware_initializer.cpp:173)
2026-06-06 05:50:56.897 | info     |           Metal | Fabric Initialized with config FabricConfig::FABRIC_1D (fabric_firmware_initializer.cpp:48)
[05:50:56]   mesh: MeshDevice(1x4 grid, 4 devices)
[05:50:56] [bootstrap] variant=it model=google/gemma-4-12B-it — config + tokenizer…
[transformers] You are using a model of type `gemma4_unified` to instantiate a model of type ``. This may be expected if you are loading a checkpoint that shares a subset of the architecture (e.g., loading a `sam2_video` checkpoint into `Sam2Model`), but is otherwise not supported and can yield errors. Please verify that the checkpoint is compatible with the model you are instantiating.
[05:50:59]   tokenizer: GemmaTokenizer, eos_token='<eos>' id=1, chat_template_installed=True
[05:50:59]   48 layers; 40 sliding / 8 global
[05:50:59] [bootstrap] enumerate shards + load top-level weights to mesh…
[05:50:59]   677 keys total
[05:51:00]   embed: (262144, 3840)
[05:51:00]   final_norm: (3840,)
[05:51:28]   lm_head (tied, vocab-sharded dim=1, per-chip 65536): (3840, 262144)
[05:51:28]   paged SDPA: MAX_KV=4096, block_size=32, num_blocks=128
[05:51:34]   KV caches: 48 layers allocated (sliding: 2 caches/layer × 40 layers)
[05:51:34]   SDPA program/memory/compute configs ready
[05:51:34]   RoPE tables: sliding [(4096, 256)] + global [(4096, 512)] (MAX_KV=4096, sin half-sign-baked for round-5 roll fusion)
[05:51:34] [bootstrap] uploading 48 layer weights to mesh…
[05:52:28]   layer 10/48 uploaded (54.4s)
[05:53:23]   layer 20/48 uploaded (109.0s)
[05:54:17]   layer 30/48 uploaded (163.9s)
[05:55:12]   layer 40/48 uploaded (218.3s)
[05:55:56]   all layer weights uploaded in 262.1s
[05:55:56] [bootstrap] ready (v0.1.0 — embed + L0 input_layernorm only).
[05:55:56] bootstrap in 300.6s
[05:55:56] capturing decode trace (warmup + capture; first call)…
[05:55:56] [trace] warmup + capture decode trace…
[05:55:57] [trace] captured in 1509 ms (id=MeshTraceId(0))
[05:55:57] trace ready in 1.5s
[05:55:57] === L=128 frac=0.5 trial=0 needle=N4Y2BWLS (rendered=133 toks) ===
[05:56:04]   prefill 6.1s (46 ms/tok), decode 1.1s (44 ms/tok)
[05:56:04]   generated: '8-character password.\n\nAnswer: 8-character password.\n\nAnswer: 8-character password.\n\n'
[05:56:04]   verdict: N
[05:56:04] === L=128 frac=0.5 trial=1 needle=SRBW4DPD (rendered=132 toks) ===
[05:56:12]   prefill 6.1s (46 ms/tok), decode 1.1s (45 ms/tok)
[05:56:12]   generated: '8-character password.\n\nAnswer: 8-character password.\n\nAnswer: 8-character password.\n\n'
[05:56:12]   verdict: N
[05:56:12] === L=128 frac=0.5 trial=2 needle=9PJDLBTP (rendered=133 toks) ===
[05:56:19]   prefill 6.1s (46 ms/tok), decode 1.1s (45 ms/tok)
[05:56:19]   generated: '8-character password.\n\nAnswer: 8-character password.\n\nAnswer: 8-character password.\n\n'
[05:56:19]   verdict: N
[05:56:19] === L=512 frac=0.5 trial=0 needle=H5MP4TP3 (rendered=509 toks) ===
[05:56:44]   prefill 23.7s (47 ms/tok), decode 1.1s (45 ms/tok)
[05:56:44]   generated: '01101010.\n\n 01101010.\n'
[05:56:44]   verdict: N
[05:56:44] === L=512 frac=0.5 trial=1 needle=ZW665VS8 (rendered=510 toks) ===
[05:57:08]   prefill 23.6s (46 ms/tok), decode 1.1s (45 ms/tok)
[05:57:08]   generated: '00000000.\n\n\n  U\n   U\n    U\n     '
[05:57:08]   verdict: N
[05:57:08] === L=512 frac=0.5 trial=2 needle=P7Q8ZWWJ (rendered=510 toks) ===
[05:57:33]   prefill 23.7s (46 ms/tok), decode 1.1s (45 ms/tok)
[05:57:33]   generated: '01101010.\n\n\n 01101010\n'
[05:57:33]   verdict: N
[05:57:33] === L=1024 frac=0.5 trial=0 needle=FWD7SWFY (rendered=1022 toks) ===
[05:58:22]   prefill 47.7s (47 ms/tok), decode 1.1s (46 ms/tok)
[05:58:22]   generated: '11111111\n\n11111111\n1111'
[05:58:22]   verdict: N
[05:58:22] === L=1024 frac=0.5 trial=1 needle=7YQ9M7MW (rendered=1021 toks) ===
[05:59:11]   prefill 47.7s (47 ms/tok), decode 1.1s (45 ms/tok)
[05:59:11]   generated: '07YQ9M7M.thought\n07YQ9M7M'
[05:59:11]   verdict: P
[05:59:11] === L=1024 frac=0.5 trial=2 needle=BHHGN56G (rendered=1019 toks) ===
[06:00:00]   prefill 47.6s (47 ms/tok), decode 1.1s (46 ms/tok)
[06:00:00]   generated: '01101010.thought\n01101010'
[06:00:00]   verdict: N
[06:00:00] === SUMMARY ===
[06:00:00]   L=128: Y=0 P=0 N=3 / 3
[06:00:00]   L=512: Y=0 P=0 N=3 / 3
[06:00:00]   L=1024: Y=0 P=1 N=2 / 3
[06:00:00] wrote /home/aditya/tt-xla/research/gemma4_perf_qb2_2026-06-05/needle_haystack/results.json
[06:00:00] done
2026-06-06 06:00:01.252 | info     |    BuildKernels | JIT cache stats: 462/462 hits (100.0%) [462 cached, 367 build-once dedup, 0 merged artifacts, 0 merged genfiles] (build_cache_telemetry.cpp:197)
2026-06-06 06:00:01.252 | info     |    BuildKernels | JIT telemetry: 3 registered TelemetryTokens (build_cache_telemetry.cpp:230)
2026-06-06 06:00:01.252 | info     |    BuildKernels | JIT telemetry [dependencies_up_to_date]: count=924, total=708.180ms, min=0.020ms, max=5.667ms, mean=0.766ms (build_cache_telemetry.cpp:238)
2026-06-06 06:00:01.252 | info     |    BuildKernels | JIT telemetry [JitBuildState::build]: count=462, total=739.137ms, min=0.563ms, max=5.950ms, mean=1.600ms (build_cache_telemetry.cpp:238)
2026-06-06 06:00:01.252 | info     |    BuildKernels | JIT telemetry [jit_build]: count=156, total=268.276ms, min=0.581ms, max=5.983ms, mean=1.720ms (build_cache_telemetry.cpp:238)
2026-06-06 06:00:01.282 | info     |          Device | Closing user mode device drivers (tt_cluster.cpp:490)
2026-06-06 06:00:01.282 | info     |             UMD | Closing devices in cluster (cluster.cpp:961)
