2026-05-13 21:30:43.116 | DEBUG    | ttnn:<module>:79 - Initial ttnn.CONFIG:
Config{cache_path=/home/aditya/.cache/ttnn,model_cache_path=/home/aditya/.cache/ttnn/models,tmp_dir=/tmp/ttnn,enable_model_cache=false,enable_fast_runtime_mode=true,throw_exception_on_fallback=false,enable_logging=false,enable_graph_report=false,enable_detailed_buffer_report=false,enable_detailed_tensor_report=false,enable_comparison_mode=false,comparison_mode_should_raise_exception=false,comparison_mode_pcc=0.9999,root_report_path=generated/ttnn/reports,report_name=std::nullopt,std::nullopt}
Probe: paged SDPA numerical correctness  device_id=0
  shape: N_Q=24 N_KV=4 HEAD_DIM=256 block_size=64
  GQA ratio: 6x (each KV head serves 6 query heads)
2026-05-13 21:30:43.211 | info     |             UMD | Creating TopologyDiscovery for architecture: blackhole (topology_discovery.cpp:72)
2026-05-13 21:30:43.214 | info     |             UMD | Established firmware bundle version: 19.6.0 (topology_discovery.cpp:468)
2026-05-13 21:30:43.214 | info     |             UMD | Firmware bundle version 19.6.0 on the system is newer than the latest fully tested version 19.5.0 for blackhole architecture. Newest features may not be supported. (topology_discovery.cpp:500)
2026-05-13 21:30:43.230 | info     |          Device | Opening user mode device driver (tt_cluster.cpp:224)
2026-05-13 21:30:43.231 | info     |             UMD | Creating TopologyDiscovery for architecture: blackhole (topology_discovery.cpp:72)
2026-05-13 21:30:43.234 | info     |             UMD | Established firmware bundle version: 19.6.0 (topology_discovery.cpp:468)
2026-05-13 21:30:43.234 | info     |             UMD | Firmware bundle version 19.6.0 on the system is newer than the latest fully tested version 19.5.0 for blackhole architecture. Newest features may not be supported. (topology_discovery.cpp:500)
2026-05-13 21:30:43.249 | info     |             UMD | Harvesting masks for Chip 2: Tensix: 0xc0 DRAM: 0x0 ETH: 0x120 PCIe: 0x2 L2CPU: 0x0 (cluster.cpp:283)
2026-05-13 21:30:43.278 | info     |             UMD | Harvesting masks for Chip 0: Tensix: 0xc0 DRAM: 0x0 ETH: 0x120 PCIe: 0x2 L2CPU: 0x0 (cluster.cpp:283)
2026-05-13 21:30:43.282 | info     |             UMD | Harvesting masks for Chip 1: Tensix: 0xc0 DRAM: 0x0 ETH: 0x120 PCIe: 0x2 L2CPU: 0x0 (cluster.cpp:283)
2026-05-13 21:30:43.286 | info     |             UMD | Harvesting masks for Chip 3: Tensix: 0xc0 DRAM: 0x0 ETH: 0x120 PCIe: 0x2 L2CPU: 0x0 (cluster.cpp:283)
2026-05-13 21:30:43.289 | info     |             UMD | Opening local chip ids/PCIe ids: {0, 1, 2, 3}/[1, 2, 3, 0] and remote chip ids {} (cluster.cpp:183)
2026-05-13 21:30:43.289 | info     |             UMD | IOMMU: disabled (cluster.cpp:157)
2026-05-13 21:30:43.289 | info     |             UMD | KMD version: 2.8.0 (cluster.cpp:160)
2026-05-13 21:30:43.293 | info     |             UMD | Starting devices in cluster (cluster.cpp:949)
2026-05-13 21:30:43.293 | info     |             UMD | Mapped hugepage 0x4c0000000 to NOC address 0x1000000000000000 (silicon_sysmem_manager.cpp:262)
2026-05-13 21:30:43.294 | info     |             UMD | Mapped hugepage 0x480000000 to NOC address 0x1000000000000000 (silicon_sysmem_manager.cpp:262)
2026-05-13 21:30:43.296 | info     |             UMD | Mapped hugepage 0x500000000 to NOC address 0x1000000000000000 (silicon_sysmem_manager.cpp:262)
2026-05-13 21:30:43.297 | info     |             UMD | Mapped hugepage 0x440000000 to NOC address 0x1000000000000000 (silicon_sysmem_manager.cpp:262)
2026-05-13 21:30:43.921 | info     |     Distributed | Using auto discovery to generate mesh graph. (metal_env.cpp:332)
2026-05-13 21:30:43.921 | info     |     Distributed | Constructing control plane using auto-discovery (no mesh graph descriptor). (metal_env.cpp:394)
2026-05-13 21:30:43.921 | info     |             UMD | Creating TopologyDiscovery for architecture: blackhole (topology_discovery.cpp:72)
2026-05-13 21:30:43.923 | info     |             UMD | Established firmware bundle version: 19.6.0 (topology_discovery.cpp:468)
2026-05-13 21:30:43.923 | info     |             UMD | Firmware bundle version 19.6.0 on the system is newer than the latest fully tested version 19.5.0 for blackhole architecture. Newest features may not be supported. (topology_discovery.cpp:500)
2026-05-13 21:30:43.936 | info     |          Fabric | TopologyMapper: Logical Multi-Mesh Adjacency Map: (topology_mapper.cpp:1474)
2026-05-13 21:30:43.936 | info     |          Fabric | 
=== Logical Mesh-Level Graph Adjacency Map ===
Total nodes: 1
Degree histogram: {0:1}
 (topology_solver.tpp:91)
2026-05-13 21:30:43.936 | info     |          Fabric | 
=== Logical Mesh 0 Internal Graph Adjacency Map ===
Total nodes: 4
Degree histogram: {2:4}
 (topology_solver.tpp:91)
2026-05-13 21:30:43.936 | info     |          Fabric | TopologyMapper: Physical Multi-Mesh Adjacency Map: (topology_mapper.cpp:1485)
2026-05-13 21:30:43.936 | info     |          Fabric | 
=== Physical Mesh-Level Graph Adjacency Map ===
Total nodes: 1
Degree histogram: {0:1}
 (topology_solver.tpp:91)
2026-05-13 21:30:43.936 | info     |          Fabric | 
=== Physical Mesh 0 Internal Graph Adjacency Map ===
Total nodes: 4
Degree histogram: {2:4}
 (topology_solver.tpp:91)
2026-05-13 21:30:43.936 | info     |          Fabric | Starting multi-mesh mapping: 1 logical mesh(es) to 1 physical mesh(es) (topology_mapper_utils.cpp:1469)
2026-05-13 21:30:43.936 | info     |          Fabric | Multi-mesh mapping attempt 1/2: Trying inter-mesh mapping (topology_mapper_utils.cpp:1510)
2026-05-13 21:30:43.936 | info     |          Fabric | Attempt 1: Inter-mesh mapping succeeded, found 1 mesh pair(s) (topology_mapper_utils.cpp:1539)
2026-05-13 21:30:43.936 | info     |          Fabric | Attempt 1: Mapping 1 mesh pair(s) (topology_mapper_utils.cpp:1547)
2026-05-13 21:30:43.936 | info     |          Fabric | Attempt 1: Mapping mesh 0 -> 0 (topology_mapper_utils.cpp:1554)
2026-05-13 21:30:43.936 | info     |          Fabric | Multi-mesh mapping succeeded after 1 attempt(s): 1 mesh pair(s) mapped (topology_mapper_utils.cpp:1686)
2026-05-13 21:30:44.053 | warning  |           Metal | Opening subset of mmio devices slows down UMD read/write to remote chips. If opening more devices, consider using CreateDevices API. (device_manager.cpp:261)

=== MAX_POS=256, cur_pos=200 ===
  numpy ref output norm: 0.2833
  [non-paged]  cos vs numpy = 0.999972  max|Δ| = 2.1252e-04
  [paged]      cos vs numpy = 0.999972  max|Δ| = 2.1252e-04

=== MAX_POS=1024, cur_pos=900 ===
  numpy ref output norm: 0.1290
  [paged]      cos vs numpy = 0.999952  max|Δ| = 1.7610e-04

=== MAX_POS=8192, cur_pos=8000 ===
  numpy ref output norm: 0.0457
  [paged]      cos vs numpy = 0.999931  max|Δ| = 6.7039e-05

=== VERDICT ===
  If all [paged] cosines >= 0.999, GQA correctness is validated and
  the migration is unblocked. Update memory with the result.
2026-05-13 21:30:51.959 | info     |    BuildKernels | JIT cache stats: 13/33 hits (39.4%) [13 cached, 3 build-once dedup, 0 merged artifacts, 0 merged genfiles] (build_cache_telemetry.cpp:207)
2026-05-13 21:30:51.959 | info     |    BuildKernels | JIT telemetry: 3 registered TelemetryTokens (build_cache_telemetry.cpp:230)
2026-05-13 21:30:51.959 | info     |    BuildKernels | JIT telemetry [dependencies_up_to_date]: count=25, total=28.509ms, min=0.036ms, max=2.944ms, mean=1.140ms (build_cache_telemetry.cpp:246)
2026-05-13 21:30:51.959 | info     |    BuildKernels | JIT telemetry [JitBuildState::build]: count=32, total=23711.627ms, min=1.574ms, max=1715.683ms, mean=740.988ms (build_cache_telemetry.cpp:246)
2026-05-13 21:30:51.959 | info     |    BuildKernels | JIT telemetry [jit_build]: count=11, total=6483.417ms, min=1.607ms, max=932.908ms, mean=589.402ms (build_cache_telemetry.cpp:246)
2026-05-13 21:30:51.985 | info     |          Device | Closing user mode device drivers (tt_cluster.cpp:490)
2026-05-13 21:30:51.985 | info     |             UMD | Closing devices in cluster (cluster.cpp:961)
