2026-06-06 01:38:41.201 | DEBUG    | ttnn:<module>:79 - Initial ttnn.CONFIG:
Config{cache_path=/home/aditya/.cache/ttnn,model_cache_path=/home/aditya/.cache/ttnn/models,tmp_dir=/tmp/ttnn,enable_model_cache=false,enable_fast_runtime_mode=true,throw_exception_on_fallback=false,enable_logging=false,enable_graph_report=false,enable_detailed_buffer_report=false,enable_detailed_tensor_report=false,enable_comparison_mode=false,comparison_mode_should_raise_exception=false,comparison_mode_pcc=0.9999,root_report_path=generated/ttnn/reports,report_name=std::nullopt,std::nullopt}
[01:38:41] bootstrapping Gemma 4 12B server (~80s)…
[01:38:41] [bootstrap] open mesh + fabric…
2026-06-06 01:38:41.293 | info     |             UMD | Creating TopologyDiscovery for architecture: blackhole (topology_discovery.cpp:72)
2026-06-06 01:38:41.297 | info     |             UMD | Established firmware bundle version: 19.6.0 (topology_discovery.cpp:468)
2026-06-06 01:38:41.297 | info     |             UMD | Firmware bundle version 19.6.0 on the system is newer than the latest fully tested version 19.5.0 for blackhole architecture. Newest features may not be supported. (topology_discovery.cpp:494)
2026-06-06 01:38:41.313 | info     |          Device | Opening user mode device driver (tt_cluster.cpp:224)
2026-06-06 01:38:41.314 | info     |             UMD | Creating TopologyDiscovery for architecture: blackhole (topology_discovery.cpp:72)
2026-06-06 01:38:41.317 | info     |             UMD | Established firmware bundle version: 19.6.0 (topology_discovery.cpp:468)
2026-06-06 01:38:41.317 | info     |             UMD | Firmware bundle version 19.6.0 on the system is newer than the latest fully tested version 19.5.0 for blackhole architecture. Newest features may not be supported. (topology_discovery.cpp:494)
2026-06-06 01:38:41.333 | info     |             UMD | Harvesting masks for Chip 2: Tensix: 0xc0 DRAM: 0x0 ETH: 0x120 PCIe: 0x2 L2CPU: 0x0 (cluster.cpp:275)
2026-06-06 01:38:41.385 | info     |             UMD | Harvesting masks for Chip 0: Tensix: 0xc0 DRAM: 0x0 ETH: 0x120 PCIe: 0x2 L2CPU: 0x0 (cluster.cpp:275)
2026-06-06 01:38:41.389 | info     |             UMD | Harvesting masks for Chip 1: Tensix: 0xc0 DRAM: 0x0 ETH: 0x120 PCIe: 0x2 L2CPU: 0x0 (cluster.cpp:275)
2026-06-06 01:38:41.392 | info     |             UMD | Harvesting masks for Chip 3: Tensix: 0xc0 DRAM: 0x0 ETH: 0x120 PCIe: 0x2 L2CPU: 0x0 (cluster.cpp:275)
2026-06-06 01:38:41.396 | info     |             UMD | Opening local chip ids/PCIe ids: {0, 1, 2, 3}/[1, 2, 3, 0] and remote chip ids {} (cluster.cpp:177)
2026-06-06 01:38:41.396 | info     |             UMD | IOMMU: disabled (cluster.cpp:157)
2026-06-06 01:38:41.396 | info     |             UMD | KMD version: 2.8.0 (cluster.cpp:160)
2026-06-06 01:38:41.399 | info     |             UMD | Starting devices in cluster (cluster.cpp:949)
2026-06-06 01:38:41.400 | info     |             UMD | Mapped hugepage 0x440000000 to NOC address 0x1000000000000000 (silicon_sysmem_manager.cpp:262)
2026-06-06 01:38:41.401 | info     |             UMD | Mapped hugepage 0x500000000 to NOC address 0x1000000000000000 (silicon_sysmem_manager.cpp:262)
2026-06-06 01:38:41.402 | info     |             UMD | Mapped hugepage 0x480000000 to NOC address 0x1000000000000000 (silicon_sysmem_manager.cpp:262)
2026-06-06 01:38:41.403 | info     |             UMD | Mapped hugepage 0x4c0000000 to NOC address 0x1000000000000000 (silicon_sysmem_manager.cpp:262)
2026-06-06 01:38:42.180 | info     |     Distributed | Using auto discovery to generate mesh graph. (metal_env.cpp:332)
2026-06-06 01:38:42.181 | info     |     Distributed | Constructing control plane using auto-discovery (no mesh graph descriptor). (metal_env.cpp:394)
2026-06-06 01:38:42.181 | info     |             UMD | Creating TopologyDiscovery for architecture: blackhole (topology_discovery.cpp:72)
2026-06-06 01:38:42.182 | info     |             UMD | Established firmware bundle version: 19.6.0 (topology_discovery.cpp:468)
2026-06-06 01:38:42.182 | info     |             UMD | Firmware bundle version 19.6.0 on the system is newer than the latest fully tested version 19.5.0 for blackhole architecture. Newest features may not be supported. (topology_discovery.cpp:494)
2026-06-06 01:38:42.191 | info     |          Fabric | TopologyMapper: Logical Multi-Mesh Adjacency Map: (topology_mapper.cpp:1474)
2026-06-06 01:38:42.191 | info     |          Fabric | 
=== Logical Mesh-Level Graph Adjacency Map ===
Total nodes: 1
Degree histogram: {0:1}
 (topology_solver.tpp:91)
2026-06-06 01:38:42.191 | info     |          Fabric | 
=== Logical Mesh 0 Internal Graph Adjacency Map ===
Total nodes: 4
Degree histogram: {2:4}
 (topology_solver.tpp:91)
2026-06-06 01:38:42.191 | info     |          Fabric | TopologyMapper: Physical Multi-Mesh Adjacency Map: (topology_mapper.cpp:1485)
2026-06-06 01:38:42.191 | info     |          Fabric | 
=== Physical Mesh-Level Graph Adjacency Map ===
Total nodes: 1
Degree histogram: {0:1}
 (topology_solver.tpp:91)
2026-06-06 01:38:42.191 | info     |          Fabric | 
=== Physical Mesh 0 Internal Graph Adjacency Map ===
Total nodes: 4
Degree histogram: {2:4}
 (topology_solver.tpp:91)
2026-06-06 01:38:42.191 | info     |          Fabric | Starting multi-mesh mapping: 1 logical mesh(es) to 1 physical mesh(es) (topology_mapper_utils.cpp:1465)
2026-06-06 01:38:42.191 | info     |          Fabric | Multi-mesh mapping attempt 1/2: Trying inter-mesh mapping (topology_mapper_utils.cpp:1506)
2026-06-06 01:38:42.191 | info     |          Fabric | Attempt 1: Inter-mesh mapping succeeded, found 1 mesh pair(s) (topology_mapper_utils.cpp:1535)
2026-06-06 01:38:42.191 | info     |          Fabric | Attempt 1: Mapping 1 mesh pair(s) (topology_mapper_utils.cpp:1547)
2026-06-06 01:38:42.191 | info     |          Fabric | Attempt 1: Mapping mesh 0 -> 0 (topology_mapper_utils.cpp:1549)
2026-06-06 01:38:42.180 | DEBUG    | ttnn.device:__init__:150 - Using default dispatch core type for this system: DispatchCoreType.WORKER
2026-06-06 01:38:42.180 | DEBUG    | ttnn.device:__init__:152 - Using default dispatch core axis for this system: DispatchCoreAxis.COL
2026-06-06 01:38:42.191 | info     |          Fabric | Multi-mesh mapping succeeded after 1 attempt(s): 1 mesh pair(s) mapped (topology_mapper_utils.cpp:1682)
2026-06-06 01:38:42.217 | info     |    BuildKernels | Using pre-compiled firmware from: /home/aditya/tenstorrent/tt-metal/tt_metal/pre-compiled/7480443082328483327/ (build_env_manager.cpp:256)
2026-06-06 01:38:42.217 | info     |    BuildKernels | Using pre-compiled firmware from: /home/aditya/tenstorrent/tt-metal/tt_metal/pre-compiled/7480443082328483327/ (build_env_manager.cpp:256)
2026-06-06 01:38:42.217 | info     |    BuildKernels | Using pre-compiled firmware from: /home/aditya/tenstorrent/tt-metal/tt_metal/pre-compiled/7480443082328483327/ (build_env_manager.cpp:256)
2026-06-06 01:38:42.218 | info     |    BuildKernels | Using pre-compiled firmware from: /home/aditya/tenstorrent/tt-metal/tt_metal/pre-compiled/7480443082328483327/ (build_env_manager.cpp:256)
2026-06-06 01:38:42.299 | info     |           Metal | Initializing Fabric (fabric_firmware_initializer.cpp:45)
2026-06-06 01:38:42.336 | info     |           Metal | Fabric initialized on Device 0 (device.cpp:412)
2026-06-06 01:38:42.338 | info     |           Metal | Fabric initialized on Device 1 (device.cpp:412)
2026-06-06 01:38:42.339 | info     |           Metal | Fabric initialized on Device 2 (device.cpp:412)
2026-06-06 01:38:42.341 | info     |           Metal | Fabric initialized on Device 3 (device.cpp:412)
2026-06-06 01:38:42.341 | info     |           Metal | Fabric initialized on 4 devices (fabric_firmware_initializer.cpp:173)
2026-06-06 01:38:42.341 | info     |           Metal | Fabric Initialized with config FabricConfig::FABRIC_1D (fabric_firmware_initializer.cpp:48)
[01:38:42]   mesh: MeshDevice(1x4 grid, 4 devices)
[01:38:42] [bootstrap] variant=it model=google/gemma-4-12B-it — config + tokenizer…
[transformers] You are using a model of type `gemma4_unified` to instantiate a model of type ``. This may be expected if you are loading a checkpoint that shares a subset of the architecture (e.g., loading a `sam2_video` checkpoint into `Sam2Model`), but is otherwise not supported and can yield errors. Please verify that the checkpoint is compatible with the model you are instantiating.
[01:38:46]   tokenizer: GemmaTokenizer, eos_token='<eos>' id=1, chat_template_installed=True
[01:38:46]   48 layers; 40 sliding / 8 global
[01:38:46] [bootstrap] enumerate shards + load top-level weights to mesh…
[01:38:46]   677 keys total
[01:38:48]   embed: (262144, 3840)
[01:38:48]   final_norm: (3840,)
[01:38:55]   lm_head (tied, vocab-sharded dim=1, per-chip 65536): (3840, 262144)
[01:38:55]   paged SDPA: MAX_KV=4096, block_size=32, num_blocks=128
[01:39:01]   KV caches: 48 layers allocated (sliding: 2 caches/layer × 40 layers)
[01:39:01]   SDPA program/memory/compute configs ready
[01:39:01]   RoPE tables: sliding [(4096, 256)] + global [(4096, 512)] (MAX_KV=4096)
[01:39:01] [bootstrap] uploading 48 layer weights to mesh…
[01:39:15]   layer 10/48 uploaded (14.0s)
[01:39:29]   layer 20/48 uploaded (28.0s)
[01:39:43]   layer 30/48 uploaded (41.9s)
[01:39:56]   layer 40/48 uploaded (55.5s)
[01:40:07]   all layer weights uploaded in 66.6s
[01:40:07] [bootstrap] ready (v0.1.0 — embed + L0 input_layernorm only).
[01:40:07] bootstrap took 86.7s
[01:40:07] running 100 EAGER steps (teacher-forced pos 0..5, free-run after)…
[01:40:27]   eager done in 19.2s (192.3 ms/tok)
[01:40:27]   eager first 10: [532, 575, 532, 496, 563, 496, 45518, 107, 100, 45518]
[01:40:27]   eager last  10: [1018, 1018, 1018, 1018, 1018, 1018, 1018, 1018, 1018, 1018]
[01:40:27] capturing decode trace…
[01:40:27] [trace] warmup + capture decode trace…
[01:40:27] [trace] captured in 699 ms (id=MeshTraceId(0))
[01:40:27]   trace capture took 0.7s
[01:40:27] running 100 TRACED steps (same prompt)…
[01:40:32]   traced done in 4.8s (47.7 ms/tok)
[01:40:32]   traced first 10: [532, 575, 532, 496, 563, 496, 45518, 107, 100, 45518]
[01:40:32]   traced last  10: [1018, 1018, 1018, 1018, 1018, 1018, 1018, 1018, 1018, 1018]
[01:40:32] ==============================================================================
[01:40:32] v0.4 traced vs eager token-for-token match: 100/100
[01:40:32] ==============================================================================
[01:40:32] VERDICT: PASS
2026-06-06 01:40:33.728 | info     |    BuildKernels | JIT cache stats: 366/366 hits (100.0%) [366 cached, 290 build-once dedup, 0 merged artifacts, 0 merged genfiles] (build_cache_telemetry.cpp:197)
2026-06-06 01:40:33.728 | info     |    BuildKernels | JIT telemetry: 3 registered TelemetryTokens (build_cache_telemetry.cpp:230)
2026-06-06 01:40:33.728 | info     |    BuildKernels | JIT telemetry [dependencies_up_to_date]: count=732, total=588.106ms, min=0.020ms, max=5.669ms, mean=0.803ms (build_cache_telemetry.cpp:238)
2026-06-06 01:40:33.728 | info     |    BuildKernels | JIT telemetry [JitBuildState::build]: count=366, total=613.315ms, min=0.527ms, max=5.938ms, mean=1.676ms (build_cache_telemetry.cpp:238)
2026-06-06 01:40:33.728 | info     |    BuildKernels | JIT telemetry [jit_build]: count=159, total=269.214ms, min=0.545ms, max=5.974ms, mean=1.693ms (build_cache_telemetry.cpp:238)
2026-06-06 01:40:33.758 | info     |          Device | Closing user mode device drivers (tt_cluster.cpp:490)
2026-06-06 01:40:33.759 | info     |             UMD | Closing devices in cluster (cluster.cpp:961)
