2026-05-24 10:07:15.890 | DEBUG    | ttnn:<module>:79 - Initial ttnn.CONFIG:
Config{cache_path=/home/aditya/.cache/ttnn,model_cache_path=/home/aditya/.cache/ttnn/models,tmp_dir=/tmp/ttnn,enable_model_cache=false,enable_fast_runtime_mode=true,throw_exception_on_fallback=false,enable_logging=false,enable_graph_report=false,enable_detailed_buffer_report=false,enable_detailed_tensor_report=false,enable_comparison_mode=false,comparison_mode_should_raise_exception=false,comparison_mode_pcc=0.9999,root_report_path=generated/ttnn/reports,report_name=std::nullopt,std::nullopt}
P150 capacity probe (host=tt-qb-ac-01, time=2026-05-24T17:07:15.982496+00:00)
2026-05-24 10:07:15.983 | info     |             UMD | Creating TopologyDiscovery for architecture: blackhole (topology_discovery.cpp:72)
2026-05-24 10:07:15.984 | info     |             UMD | Established firmware bundle version: 19.6.0 (topology_discovery.cpp:468)
2026-05-24 10:07:15.984 | info     |             UMD | Firmware bundle version 19.6.0 on the system is newer than the latest fully tested version 19.5.0 for blackhole architecture. Newest features may not be supported. (topology_discovery.cpp:500)
2026-05-24 10:07:15.994 | info     |          Device | Opening user mode device driver (tt_cluster.cpp:224)
2026-05-24 10:07:15.994 | info     |             UMD | Creating TopologyDiscovery for architecture: blackhole (topology_discovery.cpp:72)
2026-05-24 10:07:15.995 | info     |             UMD | Established firmware bundle version: 19.6.0 (topology_discovery.cpp:468)
2026-05-24 10:07:15.995 | info     |             UMD | Firmware bundle version 19.6.0 on the system is newer than the latest fully tested version 19.5.0 for blackhole architecture. Newest features may not be supported. (topology_discovery.cpp:500)
2026-05-24 10:07:16.004 | info     |             UMD | Harvesting masks for Chip 3: Tensix: 0xc0 DRAM: 0x0 ETH: 0x120 PCIe: 0x2 L2CPU: 0x0 (cluster.cpp:283)
2026-05-24 10:07:16.030 | info     |             UMD | Harvesting masks for Chip 0: Tensix: 0xc0 DRAM: 0x0 ETH: 0x120 PCIe: 0x2 L2CPU: 0x0 (cluster.cpp:283)
2026-05-24 10:07:16.032 | info     |             UMD | Harvesting masks for Chip 1: Tensix: 0xc0 DRAM: 0x0 ETH: 0x120 PCIe: 0x2 L2CPU: 0x0 (cluster.cpp:283)
2026-05-24 10:07:16.033 | info     |             UMD | Harvesting masks for Chip 2: Tensix: 0xc0 DRAM: 0x0 ETH: 0x120 PCIe: 0x2 L2CPU: 0x0 (cluster.cpp:283)
2026-05-24 10:07:16.034 | info     |             UMD | Opening local chip ids/PCIe ids: {0, 1, 2, 3}/[1, 2, 3, 0] and remote chip ids {} (cluster.cpp:183)
2026-05-24 10:07:16.034 | info     |             UMD | IOMMU: disabled (cluster.cpp:157)
2026-05-24 10:07:16.034 | info     |             UMD | KMD version: 2.8.0 (cluster.cpp:160)
2026-05-24 10:07:16.038 | info     |             UMD | Starting devices in cluster (cluster.cpp:949)
2026-05-24 10:07:17.038 | warning  |             UMD | Waiting for lock 'CHIP_IN_USE_1_PCIe' which is currently held by thread TID: 3212682, PID: 3212682 (robust_mutex.cpp:422)
2026-05-24 10:09:02.745 | info     |             UMD | Mapped hugepage 0x180000000 to NOC address 0x1000000000000000 (silicon_sysmem_manager.cpp:262)
2026-05-24 10:09:03.027 | info     |             UMD | Mapped hugepage 0x1c0000000 to NOC address 0x1000000000000000 (silicon_sysmem_manager.cpp:262)
2026-05-24 10:09:03.330 | info     |             UMD | Mapped hugepage 0x200000000 to NOC address 0x1000000000000000 (silicon_sysmem_manager.cpp:262)
2026-05-24 10:09:03.657 | info     |             UMD | Mapped hugepage 0x140000000 to NOC address 0x1000000000000000 (silicon_sysmem_manager.cpp:262)
2026-05-24 10:09:04.424 | info     |     Distributed | Using auto discovery to generate mesh graph. (metal_env.cpp:332)
2026-05-24 10:09:04.424 | info     |     Distributed | Constructing control plane using auto-discovery (no mesh graph descriptor). (metal_env.cpp:394)
2026-05-24 10:09:04.424 | info     |             UMD | Creating TopologyDiscovery for architecture: blackhole (topology_discovery.cpp:72)
2026-05-24 10:09:04.426 | info     |             UMD | Established firmware bundle version: 19.6.0 (topology_discovery.cpp:468)
2026-05-24 10:09:04.426 | info     |             UMD | Firmware bundle version 19.6.0 on the system is newer than the latest fully tested version 19.5.0 for blackhole architecture. Newest features may not be supported. (topology_discovery.cpp:500)
2026-05-24 10:09:04.438 | info     |          Fabric | TopologyMapper: Logical Multi-Mesh Adjacency Map: (topology_mapper.cpp:1474)
2026-05-24 10:09:04.438 | info     |          Fabric | 
=== Logical Mesh-Level Graph Adjacency Map ===
Total nodes: 1
Degree histogram: {0:1}
 (topology_solver.tpp:91)
2026-05-24 10:09:04.438 | info     |          Fabric | 
=== Logical Mesh 0 Internal Graph Adjacency Map ===
Total nodes: 4
Degree histogram: {2:4}
 (topology_solver.tpp:91)
2026-05-24 10:09:04.438 | info     |          Fabric | TopologyMapper: Physical Multi-Mesh Adjacency Map: (topology_mapper.cpp:1485)
2026-05-24 10:09:04.438 | info     |          Fabric | 
=== Physical Mesh-Level Graph Adjacency Map ===
Total nodes: 1
Degree histogram: {0:1}
 (topology_solver.tpp:91)
2026-05-24 10:09:04.438 | info     |          Fabric | 
=== Physical Mesh 0 Internal Graph Adjacency Map ===
Total nodes: 4
Degree histogram: {2:4}
 (topology_solver.tpp:91)
2026-05-24 10:09:04.438 | info     |          Fabric | Starting multi-mesh mapping: 1 logical mesh(es) to 1 physical mesh(es) (topology_mapper_utils.cpp:1469)
2026-05-24 10:09:04.438 | info     |          Fabric | Multi-mesh mapping attempt 1/2: Trying inter-mesh mapping (topology_mapper_utils.cpp:1510)
2026-05-24 10:09:04.438 | info     |          Fabric | Attempt 1: Inter-mesh mapping succeeded, found 1 mesh pair(s) (topology_mapper_utils.cpp:1539)
2026-05-24 10:09:04.438 | info     |          Fabric | Attempt 1: Mapping 1 mesh pair(s) (topology_mapper_utils.cpp:1547)
2026-05-24 10:09:04.438 | info     |          Fabric | Attempt 1: Mapping mesh 0 -> 0 (topology_mapper_utils.cpp:1554)
2026-05-24 10:09:04.439 | info     |          Fabric | Multi-mesh mapping succeeded after 1 attempt(s): 1 mesh pair(s) mapped (topology_mapper_utils.cpp:1686)
2026-05-24 10:09:04.482 | info     |    BuildKernels | Using pre-compiled firmware from: /home/aditya/tenstorrent/tt-metal/tt_metal/pre-compiled/7480443082328483327/ (build_env_manager.cpp:259)
2026-05-24 10:09:04.482 | info     |    BuildKernels | Using pre-compiled firmware from: /home/aditya/tenstorrent/tt-metal/tt_metal/pre-compiled/7480443082328483327/ (build_env_manager.cpp:259)
2026-05-24 10:09:04.482 | info     |    BuildKernels | Using pre-compiled firmware from: /home/aditya/tenstorrent/tt-metal/tt_metal/pre-compiled/7480443082328483327/ (build_env_manager.cpp:259)
2026-05-24 10:09:04.482 | info     |    BuildKernels | Using pre-compiled firmware from: /home/aditya/tenstorrent/tt-metal/tt_metal/pre-compiled/7480443082328483327/ (build_env_manager.cpp:259)
2026-05-24 10:09:04.541 | warning  |           Metal | Opening subset of mmio devices slows down UMD read/write to remote chips. If opening more devices, consider using CreateDevices API. (device_manager.cpp:261)
opened device_id=0

[dram_capacity] bracket from 28.0 to 36.0 GB, step 1.0 GB
  trying 28.00 GB (actual 28.000 GB, shape (3670016, 4096))... OK
  trying 29.00 GB (actual 29.000 GB, shape (3801088, 4096))... OK
  trying 30.00 GB (actual 30.000 GB, shape (3932160, 4096))... OK
  trying 31.00 GB (actual 31.000 GB, shape (4063232, 4096))... OK
  trying 32.00 GB (actual 32.000 GB, shape (4194304, 4096))...2026-05-24 10:11:08.726 | critical |          Always | TT_FATAL: Out of Memory: Not enough space to allocate 34359738368 B DRAM buffer across 8 banks, where each bank needs to store 4294967296 B, but bank size is 4273390016 B (allocated: 0 B, free: 4273390016 B, largest free block: 4273390016 B) (assert.hpp:104)
 FAIL: RuntimeError: TT_FATAL @ /home/aditya/tenstorrent/tt-metal/tt_metal/impl/allocator/bank_manager.cpp:462: false
info:
Out of Memory: Not enough space to allocate 34359738368 B DRAM buffer across 8 banks, where each 
  bisect: 31.500 GB (actual 31.500)... OK
  bisect: 31.750 GB (actual 31.750)... OK
  bisect: 31.875 GB (actual 31.875)...2026-05-24 10:12:30.360 | critical |          Always | TT_FATAL: Out of Memory: Not enough space to allocate 34225520640 B DRAM buffer across 8 banks, where each bank needs to store 4278190080 B, but bank size is 4273390016 B (allocated: 0 B, free: 4273390016 B, largest free block: 4273390016 B) (assert.hpp:104)
 FAIL: RuntimeError: TT_FATAL @ /home/aditya/tenstorrent/tt-metal/tt_metal/impl/allocator/bank_manager.cpp:462: false
info:
Out of Memory: Not enough space to allocate 34225520640 B DRAM buffer across 8 banks, where each 
  bisect: 31.812 GB (actual 31.812)... OK

[l1_capacity] sweeping interleaved L1 allocation size
  256 KB/core (actual 256.00): OK
  512 KB/core (actual 512.00): OK
  768 KB/core (actual 768.00): OK
  1024 KB/core (actual 1024.00): OK
  1280 KB/core (actual 1280.00): OK
2026-05-24 10:13:04.917 | critical |          Always | TT_FATAL: Out of Memory: Not enough space to allocate 165806080 B L1 buffer across 110 banks, where each bank needs to store 1507328 B, but bank size is 1461760 B (allocated: 0 B, free: 1461760 B, largest free block: 1461760 B) (assert.hpp:104)
  1472 KB/core (actual 1472.00): FAIL (RuntimeError: TT_FATAL @ /home/aditya/tenstorrent/tt-metal/tt_metal/impl/allocator/bank_manager.cpp:462: false
info:
Out of Memory: Not enough space to allocate 165806080 B L1 buffer across 110 banks, where each ba)

closed device cleanly

results JSON: /home/aditya/tt-xla/.cache/p150_memory_bandwidth/capacity_results.json

================================================================
CAPACITY SUMMARY
================================================================
  DRAM: largest allocation = 31.000 GB
        first failure at      = 32.000 GB
  L1 (interleaved over 110 cores):
        largest OK = 1408.0 KB/core
        first fail = 1472.0 KB/core
        total L1 (sum over cores) ≈ 151.2 MB
================================================================
2026-05-24 10:13:05.382 | info     |    BuildKernels | JIT cache stats: 3/3 hits (100.0%) [3 cached, 0 build-once dedup, 0 merged artifacts, 0 merged genfiles] (build_cache_telemetry.cpp:207)
2026-05-24 10:13:05.382 | info     |    BuildKernels | JIT telemetry: 3 registered TelemetryTokens (build_cache_telemetry.cpp:230)
2026-05-24 10:13:05.382 | info     |    BuildKernels | JIT telemetry [dependencies_up_to_date]: count=6, total=13.124ms, min=0.217ms, max=4.612ms, mean=2.187ms (build_cache_telemetry.cpp:246)
2026-05-24 10:13:05.382 | info     |    BuildKernels | JIT telemetry [JitBuildState::build]: count=3, total=13.282ms, min=3.725ms, max=4.866ms, mean=4.427ms (build_cache_telemetry.cpp:246)
2026-05-24 10:13:05.382 | info     |    BuildKernels | JIT telemetry [jit_build]: count=3, total=13.386ms, min=3.772ms, max=4.891ms, mean=4.462ms (build_cache_telemetry.cpp:246)
2026-05-24 10:13:05.408 | info     |          Device | Closing user mode device drivers (tt_cluster.cpp:490)
2026-05-24 10:13:05.413 | info     |             UMD | Closing devices in cluster (cluster.cpp:961)
