2026-06-08 07:22:27.494 | DEBUG    | ttnn:<module>:79 - Initial ttnn.CONFIG:
Config{cache_path=/home/aditya/.cache/ttnn,model_cache_path=/home/aditya/.cache/ttnn/models,tmp_dir=/tmp/ttnn,enable_model_cache=false,enable_fast_runtime_mode=true,throw_exception_on_fallback=false,enable_logging=false,enable_graph_report=false,enable_detailed_buffer_report=false,enable_detailed_tensor_report=false,enable_comparison_mode=false,comparison_mode_should_raise_exception=false,comparison_mode_pcc=0.9999,root_report_path=generated/ttnn/reports,report_name=std::nullopt,std::nullopt}
[07:22:27] opening 1x4 mesh…
2026-06-08 07:22:27.586 | info     |             UMD | Creating TopologyDiscovery for architecture: blackhole (topology_discovery.cpp:72)
2026-06-08 07:22:27.590 | info     |             UMD | Established firmware bundle version: 19.6.0 (topology_discovery.cpp:468)
2026-06-08 07:22:27.590 | info     |             UMD | Firmware bundle version 19.6.0 on the system is newer than the latest fully tested version 19.5.0 for blackhole architecture. Newest features may not be supported. (topology_discovery.cpp:494)
2026-06-08 07:22:27.607 | info     |          Device | Opening user mode device driver (tt_cluster.cpp:224)
2026-06-08 07:22:27.607 | info     |             UMD | Creating TopologyDiscovery for architecture: blackhole (topology_discovery.cpp:72)
2026-06-08 07:22:27.611 | info     |             UMD | Established firmware bundle version: 19.6.0 (topology_discovery.cpp:468)
2026-06-08 07:22:27.611 | info     |             UMD | Firmware bundle version 19.6.0 on the system is newer than the latest fully tested version 19.5.0 for blackhole architecture. Newest features may not be supported. (topology_discovery.cpp:494)
2026-06-08 07:22:27.626 | info     |             UMD | Harvesting masks for Chip 2: Tensix: 0xc0 DRAM: 0x0 ETH: 0x120 PCIe: 0x2 L2CPU: 0x0 (cluster.cpp:275)
2026-06-08 07:22:27.678 | info     |             UMD | Harvesting masks for Chip 0: Tensix: 0xc0 DRAM: 0x0 ETH: 0x120 PCIe: 0x2 L2CPU: 0x0 (cluster.cpp:275)
2026-06-08 07:22:27.681 | info     |             UMD | Harvesting masks for Chip 1: Tensix: 0xc0 DRAM: 0x0 ETH: 0x120 PCIe: 0x2 L2CPU: 0x0 (cluster.cpp:275)
2026-06-08 07:22:27.685 | info     |             UMD | Harvesting masks for Chip 3: Tensix: 0xc0 DRAM: 0x0 ETH: 0x120 PCIe: 0x2 L2CPU: 0x0 (cluster.cpp:275)
2026-06-08 07:22:27.689 | info     |             UMD | Opening local chip ids/PCIe ids: {0, 1, 2, 3}/[1, 2, 3, 0] and remote chip ids {} (cluster.cpp:177)
2026-06-08 07:22:27.689 | info     |             UMD | IOMMU: disabled (cluster.cpp:157)
2026-06-08 07:22:27.689 | info     |             UMD | KMD version: 2.8.0 (cluster.cpp:160)
2026-06-08 07:22:27.692 | info     |             UMD | Starting devices in cluster (cluster.cpp:949)
2026-06-08 07:22:27.693 | info     |             UMD | Mapped hugepage 0x440000000 to NOC address 0x1000000000000000 (silicon_sysmem_manager.cpp:262)
2026-06-08 07:22:27.694 | info     |             UMD | Mapped hugepage 0x500000000 to NOC address 0x1000000000000000 (silicon_sysmem_manager.cpp:262)
2026-06-08 07:22:27.695 | info     |             UMD | Mapped hugepage 0x480000000 to NOC address 0x1000000000000000 (silicon_sysmem_manager.cpp:262)
2026-06-08 07:22:27.697 | info     |             UMD | Mapped hugepage 0x4c0000000 to NOC address 0x1000000000000000 (silicon_sysmem_manager.cpp:262)
2026-06-08 07:22:28.382 | info     |     Distributed | Using auto discovery to generate mesh graph. (metal_env.cpp:332)
2026-06-08 07:22:28.382 | info     |     Distributed | Constructing control plane using auto-discovery (no mesh graph descriptor). (metal_env.cpp:394)
2026-06-08 07:22:28.383 | info     |             UMD | Creating TopologyDiscovery for architecture: blackhole (topology_discovery.cpp:72)
2026-06-08 07:22:28.384 | info     |             UMD | Established firmware bundle version: 19.6.0 (topology_discovery.cpp:468)
2026-06-08 07:22:28.384 | info     |             UMD | Firmware bundle version 19.6.0 on the system is newer than the latest fully tested version 19.5.0 for blackhole architecture. Newest features may not be supported. (topology_discovery.cpp:494)
2026-06-08 07:22:28.382 | DEBUG    | ttnn.device:__init__:150 - Using default dispatch core type for this system: DispatchCoreType.WORKER
2026-06-08 07:22:28.382 | DEBUG    | ttnn.device:__init__:152 - Using default dispatch core axis for this system: DispatchCoreAxis.COL
2026-06-08 07:22:28.393 | info     |          Fabric | TopologyMapper: Logical Multi-Mesh Adjacency Map: (topology_mapper.cpp:1474)
2026-06-08 07:22:28.393 | info     |          Fabric | 
=== Logical Mesh-Level Graph Adjacency Map ===
Total nodes: 1
Degree histogram: {0:1}
 (topology_solver.tpp:91)
2026-06-08 07:22:28.393 | info     |          Fabric | 
=== Logical Mesh 0 Internal Graph Adjacency Map ===
Total nodes: 4
Degree histogram: {2:4}
 (topology_solver.tpp:91)
2026-06-08 07:22:28.393 | info     |          Fabric | TopologyMapper: Physical Multi-Mesh Adjacency Map: (topology_mapper.cpp:1485)
2026-06-08 07:22:28.393 | info     |          Fabric | 
=== Physical Mesh-Level Graph Adjacency Map ===
Total nodes: 1
Degree histogram: {0:1}
 (topology_solver.tpp:91)
2026-06-08 07:22:28.393 | info     |          Fabric | 
=== Physical Mesh 0 Internal Graph Adjacency Map ===
Total nodes: 4
Degree histogram: {2:4}
 (topology_solver.tpp:91)
2026-06-08 07:22:28.393 | info     |          Fabric | Starting multi-mesh mapping: 1 logical mesh(es) to 1 physical mesh(es) (topology_mapper_utils.cpp:1465)
2026-06-08 07:22:28.393 | info     |          Fabric | Multi-mesh mapping attempt 1/2: Trying inter-mesh mapping (topology_mapper_utils.cpp:1506)
2026-06-08 07:22:28.393 | info     |          Fabric | Attempt 1: Inter-mesh mapping succeeded, found 1 mesh pair(s) (topology_mapper_utils.cpp:1535)
2026-06-08 07:22:28.393 | info     |          Fabric | Attempt 1: Mapping 1 mesh pair(s) (topology_mapper_utils.cpp:1547)
2026-06-08 07:22:28.393 | info     |          Fabric | Attempt 1: Mapping mesh 0 -> 0 (topology_mapper_utils.cpp:1549)
2026-06-08 07:22:28.393 | info     |          Fabric | Multi-mesh mapping succeeded after 1 attempt(s): 1 mesh pair(s) mapped (topology_mapper_utils.cpp:1682)
2026-06-08 07:22:28.413 | info     |    BuildKernels | Using pre-compiled firmware from: /home/aditya/tenstorrent/tt-metal/tt_metal/pre-compiled/7480443082328483327/ (build_env_manager.cpp:256)
2026-06-08 07:22:28.413 | info     |    BuildKernels | Using pre-compiled firmware from: /home/aditya/tenstorrent/tt-metal/tt_metal/pre-compiled/7480443082328483327/ (build_env_manager.cpp:256)
2026-06-08 07:22:28.413 | info     |    BuildKernels | Using pre-compiled firmware from: /home/aditya/tenstorrent/tt-metal/tt_metal/pre-compiled/7480443082328483327/ (build_env_manager.cpp:256)
2026-06-08 07:22:28.413 | info     |    BuildKernels | Using pre-compiled firmware from: /home/aditya/tenstorrent/tt-metal/tt_metal/pre-compiled/7480443082328483327/ (build_env_manager.cpp:256)
2026-06-08 07:22:28.486 | info     |           Metal | Initializing Fabric (fabric_firmware_initializer.cpp:45)
2026-06-08 07:22:28.523 | info     |           Metal | Fabric initialized on Device 0 (device.cpp:412)
2026-06-08 07:22:28.525 | info     |           Metal | Fabric initialized on Device 1 (device.cpp:412)
2026-06-08 07:22:28.527 | info     |           Metal | Fabric initialized on Device 2 (device.cpp:412)
2026-06-08 07:22:28.528 | info     |           Metal | Fabric initialized on Device 3 (device.cpp:412)
2026-06-08 07:22:28.528 | info     |           Metal | Fabric initialized on 4 devices (fabric_firmware_initializer.cpp:173)
2026-06-08 07:22:28.528 | info     |           Metal | Fabric Initialized with config FabricConfig::FABRIC_1D (fabric_firmware_initializer.cpp:48)
[07:22:28]   mesh: MeshDevice(1x4 grid, 4 devices)
[07:22:28] --- case A_hidden1024_rank3: shape=(1, 1, 1024), hidden=1024 ---
[07:22:28]   rms_norm OK; y.shape=[1, 1, 1024]
[07:22:28] --- case B_hidden1024_rank2: shape=(1, 1024), hidden=1024 ---
[07:22:28]   rms_norm OK; y.shape=[1, 1024]
[07:22:28] --- case C_hidden3840_rank3: shape=(1, 1, 3840), hidden=3840 ---
[07:22:28]   rms_norm OK; y.shape=[1, 1, 3840]
[07:22:28] --- case D_hidden1024_rank3_tile_pad: shape=(1, 32, 1024), hidden=1024 ---
[07:22:28]   rms_norm OK; y.shape=[1, 32, 1024]
[07:22:28] 
[07:22:28] ================================================================
[07:22:28] SUMMARY
[07:22:28] ================================================================
[07:22:28]   A_hidden1024_rank3: OK
[07:22:28]   B_hidden1024_rank2: OK
[07:22:28]   C_hidden3840_rank3: OK
[07:22:28]   D_hidden1024_rank3_tile_pad: OK
[07:22:28] mesh closed.
2026-06-08 07:22:29.119 | info     |    BuildKernels | JIT cache stats: 62/62 hits (100.0%) [62 cached, 63 build-once dedup, 0 merged artifacts, 0 merged genfiles] (build_cache_telemetry.cpp:197)
2026-06-08 07:22:29.119 | info     |    BuildKernels | JIT telemetry: 3 registered TelemetryTokens (build_cache_telemetry.cpp:230)
2026-06-08 07:22:29.119 | info     |    BuildKernels | JIT telemetry [dependencies_up_to_date]: count=124, total=172.391ms, min=0.021ms, max=6.093ms, mean=1.390ms (build_cache_telemetry.cpp:238)
2026-06-08 07:22:29.119 | info     |    BuildKernels | JIT telemetry [JitBuildState::build]: count=62, total=176.090ms, min=0.664ms, max=6.374ms, mean=2.840ms (build_cache_telemetry.cpp:238)
2026-06-08 07:22:29.119 | info     |    BuildKernels | JIT telemetry [jit_build]: count=44, total=150.962ms, min=0.687ms, max=6.428ms, mean=3.431ms (build_cache_telemetry.cpp:238)
2026-06-08 07:22:29.147 | info     |          Device | Closing user mode device drivers (tt_cluster.cpp:490)
2026-06-08 07:22:29.147 | info     |             UMD | Closing devices in cluster (cluster.cpp:961)
