[harness] running v04_trace_validate
[03:24:41] using pre-bootstrapped state from harness
[03:24:41] running 100 EAGER steps (teacher-forced pos 0..5, free-run after)…
[03:25:00]   eager done in 19.3s (193.3 ms/tok)
[03:25:00]   eager first 10: [532, 575, 532, 496, 100, 45518, 100, 101, 818, 5279]
[03:25:00]   eager last  10: [1018, 45518, 107, 101, 818, 5279, 529, 7001, 563, 5213]
[03:25:00] capturing decode trace…
[03:25:00] [trace] warmup + capture decode trace…
[03:25:01] [trace] captured in 648 ms (id=MeshTraceId(0))
[03:25:01]   trace capture took 0.6s
[03:25:01] running 100 TRACED steps (same prompt)…
[03:25:06]   traced done in 4.7s (46.7 ms/tok)
[03:25:06]   traced first 10: [532, 575, 532, 496, 100, 45518, 100, 101, 818, 5279]
[03:25:06]   traced last  10: [1018, 45518, 107, 101, 818, 5279, 529, 7001, 563, 5213]
[03:25:06] ==============================================================================
[03:25:06] v0.4 traced vs eager token-for-token match: 100/100
[03:25:06] ==============================================================================
[03:25:06] VERDICT: PASS
[harness] v04_trace_validate exited rc=0
[harness] v04_trace_validate exited rc=0
