[harness] running v04_trace_validate
[04:24:51] using pre-bootstrapped state from harness
[04:24:51] running 100 EAGER steps (teacher-forced pos 0..5, free-run after)…
[04:25:10]   eager done in 18.8s (188.1 ms/tok)
[04:25:10]   eager first 10: [532, 575, 532, 496, 100, 5279, 3207, 236761, 100, 100]
[04:25:10]   eager last  10: [236779, 107, 138, 236779, 107, 138, 236779, 107, 138, 236779]
[04:25:10] capturing decode trace…
[04:25:10] [trace] warmup + capture decode trace…
[04:25:11] [trace] captured in 654 ms (id=MeshTraceId(0))
[04:25:11]   trace capture took 0.7s
[04:25:11] running 100 TRACED steps (same prompt)…
[04:25:15]   traced done in 4.6s (46.0 ms/tok)
[04:25:15]   traced first 10: [532, 575, 532, 496, 100, 5279, 3207, 236761, 100, 100]
[04:25:15]   traced last  10: [236779, 107, 138, 236779, 107, 138, 236779, 107, 138, 236779]
[04:25:15] ==============================================================================
[04:25:15] v0.4 traced vs eager token-for-token match: 100/100
[04:25:15] ==============================================================================
[04:25:15] VERDICT: PASS
[harness] v04_trace_validate exited rc=0
[harness] v04_trace_validate exited rc=0
