2026-06-06 06:17:17.919 | DEBUG    | ttnn:<module>:79 - Initial ttnn.CONFIG:
Config{cache_path=/home/aditya/.cache/ttnn,model_cache_path=/home/aditya/.cache/ttnn/models,tmp_dir=/tmp/ttnn,enable_model_cache=false,enable_fast_runtime_mode=true,throw_exception_on_fallback=false,enable_logging=false,enable_graph_report=false,enable_detailed_buffer_report=false,enable_detailed_tensor_report=false,enable_comparison_mode=false,comparison_mode_should_raise_exception=false,comparison_mode_pcc=0.9999,root_report_path=generated/ttnn/reports,report_name=std::nullopt,std::nullopt}
[transformers] You are using a model of type `gemma4_unified` to instantiate a model of type ``. This may be expected if you are loading a checkpoint that shares a subset of the architecture (e.g., loading a `sam2_video` checkpoint into `Sam2Model`), but is otherwise not supported and can yield errors. Please verify that the checkpoint is compatible with the model you are instantiating.
[06:17:22] bootstrapping Gemma 4 12B IT server (~85s)…
[06:17:22] [bootstrap] open mesh + fabric…
2026-06-06 06:17:22.347 | info     |             UMD | Creating TopologyDiscovery for architecture: blackhole (topology_discovery.cpp:72)
2026-06-06 06:17:22.351 | info     |             UMD | Established firmware bundle version: 19.6.0 (topology_discovery.cpp:468)
2026-06-06 06:17:22.351 | info     |             UMD | Firmware bundle version 19.6.0 on the system is newer than the latest fully tested version 19.5.0 for blackhole architecture. Newest features may not be supported. (topology_discovery.cpp:494)
2026-06-06 06:17:22.367 | info     |          Device | Opening user mode device driver (tt_cluster.cpp:224)
2026-06-06 06:17:22.367 | info     |             UMD | Creating TopologyDiscovery for architecture: blackhole (topology_discovery.cpp:72)
2026-06-06 06:17:22.370 | info     |             UMD | Established firmware bundle version: 19.6.0 (topology_discovery.cpp:468)
2026-06-06 06:17:22.370 | info     |             UMD | Firmware bundle version 19.6.0 on the system is newer than the latest fully tested version 19.5.0 for blackhole architecture. Newest features may not be supported. (topology_discovery.cpp:494)
2026-06-06 06:17:22.386 | info     |             UMD | Harvesting masks for Chip 2: Tensix: 0xc0 DRAM: 0x0 ETH: 0x120 PCIe: 0x2 L2CPU: 0x0 (cluster.cpp:275)
2026-06-06 06:17:22.432 | info     |             UMD | Harvesting masks for Chip 0: Tensix: 0xc0 DRAM: 0x0 ETH: 0x120 PCIe: 0x2 L2CPU: 0x0 (cluster.cpp:275)
2026-06-06 06:17:22.436 | info     |             UMD | Harvesting masks for Chip 1: Tensix: 0xc0 DRAM: 0x0 ETH: 0x120 PCIe: 0x2 L2CPU: 0x0 (cluster.cpp:275)
2026-06-06 06:17:22.440 | info     |             UMD | Harvesting masks for Chip 3: Tensix: 0xc0 DRAM: 0x0 ETH: 0x120 PCIe: 0x2 L2CPU: 0x0 (cluster.cpp:275)
2026-06-06 06:17:22.443 | info     |             UMD | Opening local chip ids/PCIe ids: {0, 1, 2, 3}/[1, 2, 3, 0] and remote chip ids {} (cluster.cpp:177)
2026-06-06 06:17:22.443 | info     |             UMD | IOMMU: disabled (cluster.cpp:157)
2026-06-06 06:17:22.443 | info     |             UMD | KMD version: 2.8.0 (cluster.cpp:160)
2026-06-06 06:17:22.446 | info     |             UMD | Starting devices in cluster (cluster.cpp:949)
2026-06-06 06:17:22.447 | info     |             UMD | Mapped hugepage 0x440000000 to NOC address 0x1000000000000000 (silicon_sysmem_manager.cpp:262)
2026-06-06 06:17:22.449 | info     |             UMD | Mapped hugepage 0x500000000 to NOC address 0x1000000000000000 (silicon_sysmem_manager.cpp:262)
2026-06-06 06:17:22.450 | info     |             UMD | Mapped hugepage 0x480000000 to NOC address 0x1000000000000000 (silicon_sysmem_manager.cpp:262)
2026-06-06 06:17:22.451 | info     |             UMD | Mapped hugepage 0x4c0000000 to NOC address 0x1000000000000000 (silicon_sysmem_manager.cpp:262)
2026-06-06 06:17:23.238 | DEBUG    | ttnn.device:__init__:150 - Using default dispatch core type for this system: DispatchCoreType.WORKER
2026-06-06 06:17:23.238 | DEBUG    | ttnn.device:__init__:152 - Using default dispatch core axis for this system: DispatchCoreAxis.COL
2026-06-06 06:17:23.238 | info     |     Distributed | Using auto discovery to generate mesh graph. (metal_env.cpp:332)
2026-06-06 06:17:23.238 | info     |     Distributed | Constructing control plane using auto-discovery (no mesh graph descriptor). (metal_env.cpp:394)
2026-06-06 06:17:23.238 | info     |             UMD | Creating TopologyDiscovery for architecture: blackhole (topology_discovery.cpp:72)
2026-06-06 06:17:23.239 | info     |             UMD | Established firmware bundle version: 19.6.0 (topology_discovery.cpp:468)
2026-06-06 06:17:23.239 | info     |             UMD | Firmware bundle version 19.6.0 on the system is newer than the latest fully tested version 19.5.0 for blackhole architecture. Newest features may not be supported. (topology_discovery.cpp:494)
2026-06-06 06:17:23.248 | info     |          Fabric | TopologyMapper: Logical Multi-Mesh Adjacency Map: (topology_mapper.cpp:1474)
2026-06-06 06:17:23.248 | info     |          Fabric | 
=== Logical Mesh-Level Graph Adjacency Map ===
Total nodes: 1
Degree histogram: {0:1}
 (topology_solver.tpp:91)
2026-06-06 06:17:23.248 | info     |          Fabric | 
=== Logical Mesh 0 Internal Graph Adjacency Map ===
Total nodes: 4
Degree histogram: {2:4}
 (topology_solver.tpp:91)
2026-06-06 06:17:23.248 | info     |          Fabric | TopologyMapper: Physical Multi-Mesh Adjacency Map: (topology_mapper.cpp:1485)
2026-06-06 06:17:23.248 | info     |          Fabric | 
=== Physical Mesh-Level Graph Adjacency Map ===
Total nodes: 1
Degree histogram: {0:1}
 (topology_solver.tpp:91)
2026-06-06 06:17:23.248 | info     |          Fabric | 
=== Physical Mesh 0 Internal Graph Adjacency Map ===
Total nodes: 4
Degree histogram: {2:4}
 (topology_solver.tpp:91)
2026-06-06 06:17:23.248 | info     |          Fabric | Starting multi-mesh mapping: 1 logical mesh(es) to 1 physical mesh(es) (topology_mapper_utils.cpp:1465)
2026-06-06 06:17:23.248 | info     |          Fabric | Multi-mesh mapping attempt 1/2: Trying inter-mesh mapping (topology_mapper_utils.cpp:1506)
2026-06-06 06:17:23.248 | info     |          Fabric | Attempt 1: Inter-mesh mapping succeeded, found 1 mesh pair(s) (topology_mapper_utils.cpp:1535)
2026-06-06 06:17:23.248 | info     |          Fabric | Attempt 1: Mapping 1 mesh pair(s) (topology_mapper_utils.cpp:1547)
2026-06-06 06:17:23.248 | info     |          Fabric | Attempt 1: Mapping mesh 0 -> 0 (topology_mapper_utils.cpp:1549)
2026-06-06 06:17:23.248 | info     |          Fabric | Multi-mesh mapping succeeded after 1 attempt(s): 1 mesh pair(s) mapped (topology_mapper_utils.cpp:1682)
2026-06-06 06:17:23.268 | info     |    BuildKernels | Using pre-compiled firmware from: /home/aditya/tenstorrent/tt-metal/tt_metal/pre-compiled/7480443082328483327/ (build_env_manager.cpp:256)
2026-06-06 06:17:23.268 | info     |    BuildKernels | Using pre-compiled firmware from: /home/aditya/tenstorrent/tt-metal/tt_metal/pre-compiled/7480443082328483327/ (build_env_manager.cpp:256)
2026-06-06 06:17:23.268 | info     |    BuildKernels | Using pre-compiled firmware from: /home/aditya/tenstorrent/tt-metal/tt_metal/pre-compiled/7480443082328483327/ (build_env_manager.cpp:256)
2026-06-06 06:17:23.268 | info     |    BuildKernels | Using pre-compiled firmware from: /home/aditya/tenstorrent/tt-metal/tt_metal/pre-compiled/7480443082328483327/ (build_env_manager.cpp:256)
2026-06-06 06:17:23.331 | info     |           Metal | Initializing Fabric (fabric_firmware_initializer.cpp:45)
2026-06-06 06:17:23.370 | info     |           Metal | Fabric initialized on Device 0 (device.cpp:412)
2026-06-06 06:17:23.372 | info     |           Metal | Fabric initialized on Device 1 (device.cpp:412)
2026-06-06 06:17:23.373 | info     |           Metal | Fabric initialized on Device 2 (device.cpp:412)
2026-06-06 06:17:23.375 | info     |           Metal | Fabric initialized on Device 3 (device.cpp:412)
2026-06-06 06:17:23.375 | info     |           Metal | Fabric initialized on 4 devices (fabric_firmware_initializer.cpp:173)
2026-06-06 06:17:23.375 | info     |           Metal | Fabric Initialized with config FabricConfig::FABRIC_1D (fabric_firmware_initializer.cpp:48)
[06:17:23]   mesh: MeshDevice(1x4 grid, 4 devices)
[06:17:23] [bootstrap] variant=it model=google/gemma-4-12B-it — config + tokenizer…
[transformers] You are using a model of type `gemma4_unified` to instantiate a model of type ``. This may be expected if you are loading a checkpoint that shares a subset of the architecture (e.g., loading a `sam2_video` checkpoint into `Sam2Model`), but is otherwise not supported and can yield errors. Please verify that the checkpoint is compatible with the model you are instantiating.
[06:17:26]   tokenizer: GemmaTokenizer, eos_token='<eos>' id=1, chat_template_installed=True
[06:17:26]   48 layers; 40 sliding / 8 global
[06:17:26] [bootstrap] enumerate shards + load top-level weights to mesh…
[06:17:26]   677 keys total
[06:17:27]   embed: (262144, 3840)
[06:17:27]   final_norm: (3840,)
[06:17:34]   lm_head (tied, vocab-sharded dim=1, per-chip 65536): (3840, 262144)
[06:17:34]   paged SDPA: MAX_KV=4096, block_size=32, num_blocks=128
[06:17:40]   KV caches: 48 layers allocated (sliding: 2 caches/layer × 40 layers)
[06:17:40]   SDPA program/memory/compute configs ready
[06:17:40]   RoPE tables: sliding [(4096, 256)] + global [(4096, 512)] (MAX_KV=4096, sin half-sign-baked for round-5 roll fusion)
[06:17:40] [bootstrap] uploading 48 layer weights to mesh…
[06:17:54]   layer 10/48 uploaded (14.0s)
[06:18:08]   layer 20/48 uploaded (27.9s)
[06:18:22]   layer 30/48 uploaded (41.6s)
[06:18:35]   layer 40/48 uploaded (55.1s)
[06:18:46]   all layer weights uploaded in 66.0s
[06:18:46] [bootstrap] ready (v0.1.0 — embed + L0 input_layernorm only).
[06:18:46] bootstrap in 84.5s
[06:18:46] EAGER path — no trace capture
[06:18:46] === L=128 frac=0.5 trial=0 needle=N4Y2BWLS (rendered=133 toks) ===
[06:19:14]   prefill 23.4s (176 ms/tok), decode 3.8s (157 ms/tok)
[06:19:14]   generated: '8-character password.\n\nAnswer: 8-character password.\n\nAnswer: 8-character password.\n\n'
[06:19:14]   verdict: N
[06:19:14] === L=128 frac=0.5 trial=1 needle=SRBW4DPD (rendered=132 toks) ===
[06:19:41]   prefill 23.1s (175 ms/tok), decode 3.9s (164 ms/tok)
[06:19:41]   generated: '8-character password.\n\nAnswer: 8-character password.\n\nAnswer: 8-character password.\n\n'
[06:19:41]   verdict: N
[06:19:41] === L=128 frac=0.5 trial=2 needle=9PJDLBTP (rendered=133 toks) ===
[06:20:07]   prefill 22.8s (171 ms/tok), decode 3.8s (160 ms/tok)
[06:20:07]   generated: '8-character password.\n\nAnswer: 8-character password.\n\nAnswer: 8-character password.\n\n'
[06:20:07]   verdict: N
[06:20:07] === L=512 frac=0.5 trial=0 needle=H5MP4TP3 (rendered=509 toks) ===
[06:21:39]   prefill 88.2s (173 ms/tok), decode 4.0s (165 ms/tok)
[06:21:39]   generated: '01101010.\n\n\n 01101010\n'
[06:21:39]   verdict: N
[06:21:39] === L=512 frac=0.5 trial=1 needle=ZW665VS8 (rendered=510 toks) ===
[06:23:10]   prefill 86.8s (170 ms/tok), decode 3.9s (162 ms/tok)
[06:23:10]   generated: '012345678.\n\nAnswer: 012345678.'
[06:23:10]   verdict: N
[06:23:10] === L=512 frac=0.5 trial=2 needle=P7Q8ZWWJ (rendered=510 toks) ===
[06:24:40]   prefill 86.5s (170 ms/tok), decode 3.9s (161 ms/tok)
[06:24:40]   generated: '01111111.\n\n\n 1\n 2\n 3\n '
[06:24:40]   verdict: N
[06:24:40] === SUMMARY ===
[06:24:40]   L=128: Y=0 P=0 N=3 / 3
[06:24:40]   L=512: Y=0 P=0 N=3 / 3
[06:24:40] wrote /home/aditya/tt-xla/research/gemma4_perf_qb2_2026-06-05/needle_haystack/round9_eager_check/results.json
[06:24:40] done
2026-06-06 06:24:41.961 | info     |    BuildKernels | JIT cache stats: 492/492 hits (100.0%) [492 cached, 372 build-once dedup, 0 merged artifacts, 0 merged genfiles] (build_cache_telemetry.cpp:197)
2026-06-06 06:24:41.961 | info     |    BuildKernels | JIT telemetry: 3 registered TelemetryTokens (build_cache_telemetry.cpp:230)
2026-06-06 06:24:41.961 | info     |    BuildKernels | JIT telemetry [dependencies_up_to_date]: count=984, total=766.978ms, min=0.020ms, max=6.033ms, mean=0.779ms (build_cache_telemetry.cpp:238)
2026-06-06 06:24:41.961 | info     |    BuildKernels | JIT telemetry [JitBuildState::build]: count=492, total=800.814ms, min=0.524ms, max=6.341ms, mean=1.628ms (build_cache_telemetry.cpp:238)
2026-06-06 06:24:41.961 | info     |    BuildKernels | JIT telemetry [jit_build]: count=159, total=292.788ms, min=0.542ms, max=6.419ms, mean=1.841ms (build_cache_telemetry.cpp:238)
2026-06-06 06:24:41.991 | info     |          Device | Closing user mode device drivers (tt_cluster.cpp:490)
2026-06-06 06:24:41.991 | info     |             UMD | Closing devices in cluster (cluster.cpp:961)
