2026-06-06 00:14:37.512 | DEBUG    | ttnn:<module>:79 - Initial ttnn.CONFIG:
Config{cache_path=/home/aditya/.cache/ttnn,model_cache_path=/home/aditya/.cache/ttnn/models,tmp_dir=/tmp/ttnn,enable_model_cache=false,enable_fast_runtime_mode=true,throw_exception_on_fallback=false,enable_logging=false,enable_graph_report=false,enable_detailed_buffer_report=false,enable_detailed_tensor_report=false,enable_comparison_mode=false,comparison_mode_should_raise_exception=false,comparison_mode_pcc=0.9999,root_report_path=generated/ttnn/reports,report_name=std::nullopt,std::nullopt}
[00:14:37] bootstrapping Gemma 4 12B server (~80s)…
[00:14:37] [bootstrap] open mesh + fabric…
2026-06-06 00:14:37.604 | info     |             UMD | Creating TopologyDiscovery for architecture: blackhole (topology_discovery.cpp:72)
2026-06-06 00:14:37.608 | info     |             UMD | Established firmware bundle version: 19.6.0 (topology_discovery.cpp:468)
2026-06-06 00:14:37.608 | info     |             UMD | Firmware bundle version 19.6.0 on the system is newer than the latest fully tested version 19.5.0 for blackhole architecture. Newest features may not be supported. (topology_discovery.cpp:494)
2026-06-06 00:14:37.625 | info     |          Device | Opening user mode device driver (tt_cluster.cpp:224)
2026-06-06 00:14:37.625 | info     |             UMD | Creating TopologyDiscovery for architecture: blackhole (topology_discovery.cpp:72)
2026-06-06 00:14:37.628 | info     |             UMD | Established firmware bundle version: 19.6.0 (topology_discovery.cpp:468)
2026-06-06 00:14:37.628 | info     |             UMD | Firmware bundle version 19.6.0 on the system is newer than the latest fully tested version 19.5.0 for blackhole architecture. Newest features may not be supported. (topology_discovery.cpp:494)
2026-06-06 00:14:37.644 | info     |             UMD | Harvesting masks for Chip 2: Tensix: 0xc0 DRAM: 0x0 ETH: 0x120 PCIe: 0x2 L2CPU: 0x0 (cluster.cpp:275)
2026-06-06 00:14:37.690 | info     |             UMD | Harvesting masks for Chip 0: Tensix: 0xc0 DRAM: 0x0 ETH: 0x120 PCIe: 0x2 L2CPU: 0x0 (cluster.cpp:275)
2026-06-06 00:14:37.693 | info     |             UMD | Harvesting masks for Chip 1: Tensix: 0xc0 DRAM: 0x0 ETH: 0x120 PCIe: 0x2 L2CPU: 0x0 (cluster.cpp:275)
2026-06-06 00:14:37.697 | info     |             UMD | Harvesting masks for Chip 3: Tensix: 0xc0 DRAM: 0x0 ETH: 0x120 PCIe: 0x2 L2CPU: 0x0 (cluster.cpp:275)
2026-06-06 00:14:37.701 | info     |             UMD | Opening local chip ids/PCIe ids: {0, 1, 2, 3}/[1, 2, 3, 0] and remote chip ids {} (cluster.cpp:177)
2026-06-06 00:14:37.701 | info     |             UMD | IOMMU: disabled (cluster.cpp:157)
2026-06-06 00:14:37.701 | info     |             UMD | KMD version: 2.8.0 (cluster.cpp:160)
2026-06-06 00:14:37.704 | info     |             UMD | Starting devices in cluster (cluster.cpp:949)
2026-06-06 00:14:37.705 | info     |             UMD | Mapped hugepage 0x440000000 to NOC address 0x1000000000000000 (silicon_sysmem_manager.cpp:262)
2026-06-06 00:14:37.706 | info     |             UMD | Mapped hugepage 0x500000000 to NOC address 0x1000000000000000 (silicon_sysmem_manager.cpp:262)
2026-06-06 00:14:37.707 | info     |             UMD | Mapped hugepage 0x480000000 to NOC address 0x1000000000000000 (silicon_sysmem_manager.cpp:262)
2026-06-06 00:14:37.708 | info     |             UMD | Mapped hugepage 0x4c0000000 to NOC address 0x1000000000000000 (silicon_sysmem_manager.cpp:262)
2026-06-06 00:14:38.400 | info     |     Distributed | Using auto discovery to generate mesh graph. (metal_env.cpp:332)
2026-06-06 00:14:38.400 | info     |     Distributed | Constructing control plane using auto-discovery (no mesh graph descriptor). (metal_env.cpp:394)
2026-06-06 00:14:38.400 | info     |             UMD | Creating TopologyDiscovery for architecture: blackhole (topology_discovery.cpp:72)
2026-06-06 00:14:38.400 | DEBUG    | ttnn.device:__init__:150 - Using default dispatch core type for this system: DispatchCoreType.WORKER
2026-06-06 00:14:38.400 | DEBUG    | ttnn.device:__init__:152 - Using default dispatch core axis for this system: DispatchCoreAxis.COL
2026-06-06 00:14:38.401 | info     |             UMD | Established firmware bundle version: 19.6.0 (topology_discovery.cpp:468)
2026-06-06 00:14:38.401 | info     |             UMD | Firmware bundle version 19.6.0 on the system is newer than the latest fully tested version 19.5.0 for blackhole architecture. Newest features may not be supported. (topology_discovery.cpp:494)
2026-06-06 00:14:38.410 | info     |          Fabric | TopologyMapper: Logical Multi-Mesh Adjacency Map: (topology_mapper.cpp:1474)
2026-06-06 00:14:38.410 | info     |          Fabric | 
=== Logical Mesh-Level Graph Adjacency Map ===
Total nodes: 1
Degree histogram: {0:1}
 (topology_solver.tpp:91)
2026-06-06 00:14:38.410 | info     |          Fabric | 
=== Logical Mesh 0 Internal Graph Adjacency Map ===
Total nodes: 4
Degree histogram: {2:4}
 (topology_solver.tpp:91)
2026-06-06 00:14:38.410 | info     |          Fabric | TopologyMapper: Physical Multi-Mesh Adjacency Map: (topology_mapper.cpp:1485)
2026-06-06 00:14:38.410 | info     |          Fabric | 
=== Physical Mesh-Level Graph Adjacency Map ===
Total nodes: 1
Degree histogram: {0:1}
 (topology_solver.tpp:91)
2026-06-06 00:14:38.410 | info     |          Fabric | 
=== Physical Mesh 0 Internal Graph Adjacency Map ===
Total nodes: 4
Degree histogram: {2:4}
 (topology_solver.tpp:91)
2026-06-06 00:14:38.410 | info     |          Fabric | Starting multi-mesh mapping: 1 logical mesh(es) to 1 physical mesh(es) (topology_mapper_utils.cpp:1465)
2026-06-06 00:14:38.410 | info     |          Fabric | Multi-mesh mapping attempt 1/2: Trying inter-mesh mapping (topology_mapper_utils.cpp:1506)
2026-06-06 00:14:38.410 | info     |          Fabric | Attempt 1: Inter-mesh mapping succeeded, found 1 mesh pair(s) (topology_mapper_utils.cpp:1535)
2026-06-06 00:14:38.410 | info     |          Fabric | Attempt 1: Mapping 1 mesh pair(s) (topology_mapper_utils.cpp:1547)
2026-06-06 00:14:38.410 | info     |          Fabric | Attempt 1: Mapping mesh 0 -> 0 (topology_mapper_utils.cpp:1549)
2026-06-06 00:14:38.410 | info     |          Fabric | Multi-mesh mapping succeeded after 1 attempt(s): 1 mesh pair(s) mapped (topology_mapper_utils.cpp:1682)
2026-06-06 00:14:38.438 | info     |    BuildKernels | Using pre-compiled firmware from: /home/aditya/tenstorrent/tt-metal/tt_metal/pre-compiled/7480443082328483327/ (build_env_manager.cpp:256)
2026-06-06 00:14:38.438 | info     |    BuildKernels | Using pre-compiled firmware from: /home/aditya/tenstorrent/tt-metal/tt_metal/pre-compiled/7480443082328483327/ (build_env_manager.cpp:256)
2026-06-06 00:14:38.438 | info     |    BuildKernels | Using pre-compiled firmware from: /home/aditya/tenstorrent/tt-metal/tt_metal/pre-compiled/7480443082328483327/ (build_env_manager.cpp:256)
2026-06-06 00:14:38.438 | info     |    BuildKernels | Using pre-compiled firmware from: /home/aditya/tenstorrent/tt-metal/tt_metal/pre-compiled/7480443082328483327/ (build_env_manager.cpp:256)
2026-06-06 00:14:38.511 | info     |           Metal | Initializing Fabric (fabric_firmware_initializer.cpp:45)
2026-06-06 00:14:38.547 | info     |           Metal | Fabric initialized on Device 0 (device.cpp:412)
2026-06-06 00:14:38.549 | info     |           Metal | Fabric initialized on Device 1 (device.cpp:412)
2026-06-06 00:14:38.550 | info     |           Metal | Fabric initialized on Device 2 (device.cpp:412)
2026-06-06 00:14:38.552 | info     |           Metal | Fabric initialized on Device 3 (device.cpp:412)
2026-06-06 00:14:38.552 | info     |           Metal | Fabric initialized on 4 devices (fabric_firmware_initializer.cpp:173)
2026-06-06 00:14:38.552 | info     |           Metal | Fabric Initialized with config FabricConfig::FABRIC_1D (fabric_firmware_initializer.cpp:48)
[00:14:38]   mesh: MeshDevice(1x4 grid, 4 devices)
[00:14:38] [bootstrap] variant=it model=google/gemma-4-12B-it — config + tokenizer…
[transformers] You are using a model of type `gemma4_unified` to instantiate a model of type ``. This may be expected if you are loading a checkpoint that shares a subset of the architecture (e.g., loading a `sam2_video` checkpoint into `Sam2Model`), but is otherwise not supported and can yield errors. Please verify that the checkpoint is compatible with the model you are instantiating.
[00:14:42]   tokenizer: GemmaTokenizer, eos_token='<eos>' id=1, chat_template_installed=False
[00:14:42]   48 layers; 40 sliding / 8 global
[00:14:42] [bootstrap] enumerate shards + load top-level weights to mesh…
[00:14:42]   677 keys total
[00:14:44]   embed: (262144, 3840)
[00:14:44]   final_norm: (3840,)
[00:14:51]   lm_head (tied, vocab-sharded dim=1, per-chip 65536): (3840, 262144)
[00:14:51]   paged SDPA: MAX_KV=4096, block_size=32, num_blocks=128
[00:14:57]   KV caches: 48 layers allocated (sliding: 2 caches/layer × 40 layers)
[00:14:57]   SDPA program/memory/compute configs ready
[00:14:57]   RoPE tables: sliding [(4096, 256)] + global [(4096, 512)] (MAX_KV=4096)
[00:14:57] [bootstrap] uploading 48 layer weights to mesh…
[00:15:11]   layer 10/48 uploaded (13.9s)
[00:15:25]   layer 20/48 uploaded (28.0s)
[00:15:39]   layer 30/48 uploaded (42.0s)
[00:15:53]   layer 40/48 uploaded (55.9s)
[00:16:04]   all layer weights uploaded in 67.2s
[00:16:04] [bootstrap] ready (v0.1.0 — embed + L0 input_layernorm only).
[00:16:04] bootstrap took 87.3s
[00:16:04] running 100 EAGER steps (teacher-forced pos 0..5, free-run after)…
[00:16:26]   eager done in 21.8s (218.0 ms/tok)
[00:16:26]   eager first 10: [532, 514, 532, 496, 100, 236743, 45518, 100, 101, 818]
[00:16:26]   eager last  10: [1018, 237221, 50429, 21719, 1018, 142253, 1018, 237221, 50429, 21719]
[00:16:26] capturing decode trace…
[00:16:26] [trace] warmup + capture decode trace…
[00:16:27] [trace] captured in 805 ms (id=MeshTraceId(0))
[00:16:27]   trace capture took 0.8s
[00:16:27] running 100 TRACED steps (same prompt)…
[00:16:32]   traced done in 5.1s (51.5 ms/tok)
[00:16:32]   traced first 10: [532, 514, 532, 496, 100, 236743, 45518, 100, 101, 818]
[00:16:32]   traced last  10: [1018, 237221, 50429, 21719, 1018, 142253, 1018, 237221, 50429, 21719]
[00:16:32] ==============================================================================
[00:16:32] v0.4 traced vs eager token-for-token match: 100/100
[00:16:32] ==============================================================================
[00:16:32] VERDICT: PASS
2026-06-06 00:16:33.768 | info     |    BuildKernels | JIT cache stats: 366/366 hits (100.0%) [366 cached, 279 build-once dedup, 0 merged artifacts, 0 merged genfiles] (build_cache_telemetry.cpp:197)
2026-06-06 00:16:33.768 | info     |    BuildKernels | JIT telemetry: 3 registered TelemetryTokens (build_cache_telemetry.cpp:230)
2026-06-06 00:16:33.768 | info     |    BuildKernels | JIT telemetry [dependencies_up_to_date]: count=732, total=618.944ms, min=0.019ms, max=5.432ms, mean=0.846ms (build_cache_telemetry.cpp:238)
2026-06-06 00:16:33.768 | info     |    BuildKernels | JIT telemetry [JitBuildState::build]: count=366, total=645.237ms, min=0.557ms, max=5.816ms, mean=1.763ms (build_cache_telemetry.cpp:238)
2026-06-06 00:16:33.768 | info     |    BuildKernels | JIT telemetry [jit_build]: count=162, total=291.983ms, min=0.575ms, max=5.862ms, mean=1.802ms (build_cache_telemetry.cpp:238)
2026-06-06 00:16:33.805 | info     |          Device | Closing user mode device drivers (tt_cluster.cpp:490)
2026-06-06 00:16:33.805 | info     |             UMD | Closing devices in cluster (cluster.cpp:961)
