2026-06-06 00:20:22.185 | DEBUG    | ttnn:<module>:79 - Initial ttnn.CONFIG:
Config{cache_path=/home/aditya/.cache/ttnn,model_cache_path=/home/aditya/.cache/ttnn/models,tmp_dir=/tmp/ttnn,enable_model_cache=false,enable_fast_runtime_mode=true,throw_exception_on_fallback=false,enable_logging=false,enable_graph_report=false,enable_detailed_buffer_report=false,enable_detailed_tensor_report=false,enable_comparison_mode=false,comparison_mode_should_raise_exception=false,comparison_mode_pcc=0.9999,root_report_path=generated/ttnn/reports,report_name=std::nullopt,std::nullopt}
[00:20:22] bootstrapping Gemma 4 12B server (~80s)…
[00:20:22] [bootstrap] open mesh + fabric…
2026-06-06 00:20:22.277 | info     |             UMD | Creating TopologyDiscovery for architecture: blackhole (topology_discovery.cpp:72)
2026-06-06 00:20:22.281 | info     |             UMD | Established firmware bundle version: 19.6.0 (topology_discovery.cpp:468)
2026-06-06 00:20:22.281 | info     |             UMD | Firmware bundle version 19.6.0 on the system is newer than the latest fully tested version 19.5.0 for blackhole architecture. Newest features may not be supported. (topology_discovery.cpp:494)
2026-06-06 00:20:22.298 | info     |          Device | Opening user mode device driver (tt_cluster.cpp:224)
2026-06-06 00:20:22.298 | info     |             UMD | Creating TopologyDiscovery for architecture: blackhole (topology_discovery.cpp:72)
2026-06-06 00:20:22.302 | info     |             UMD | Established firmware bundle version: 19.6.0 (topology_discovery.cpp:468)
2026-06-06 00:20:22.302 | info     |             UMD | Firmware bundle version 19.6.0 on the system is newer than the latest fully tested version 19.5.0 for blackhole architecture. Newest features may not be supported. (topology_discovery.cpp:494)
2026-06-06 00:20:22.317 | info     |             UMD | Harvesting masks for Chip 2: Tensix: 0xc0 DRAM: 0x0 ETH: 0x120 PCIe: 0x2 L2CPU: 0x0 (cluster.cpp:275)
2026-06-06 00:20:22.362 | info     |             UMD | Harvesting masks for Chip 0: Tensix: 0xc0 DRAM: 0x0 ETH: 0x120 PCIe: 0x2 L2CPU: 0x0 (cluster.cpp:275)
2026-06-06 00:20:22.365 | info     |             UMD | Harvesting masks for Chip 1: Tensix: 0xc0 DRAM: 0x0 ETH: 0x120 PCIe: 0x2 L2CPU: 0x0 (cluster.cpp:275)
2026-06-06 00:20:22.369 | info     |             UMD | Harvesting masks for Chip 3: Tensix: 0xc0 DRAM: 0x0 ETH: 0x120 PCIe: 0x2 L2CPU: 0x0 (cluster.cpp:275)
2026-06-06 00:20:22.373 | info     |             UMD | Opening local chip ids/PCIe ids: {0, 1, 2, 3}/[1, 2, 3, 0] and remote chip ids {} (cluster.cpp:177)
2026-06-06 00:20:22.373 | info     |             UMD | IOMMU: disabled (cluster.cpp:157)
2026-06-06 00:20:22.373 | info     |             UMD | KMD version: 2.8.0 (cluster.cpp:160)
2026-06-06 00:20:22.377 | info     |             UMD | Starting devices in cluster (cluster.cpp:949)
2026-06-06 00:20:22.377 | info     |             UMD | Mapped hugepage 0x440000000 to NOC address 0x1000000000000000 (silicon_sysmem_manager.cpp:262)
2026-06-06 00:20:22.379 | info     |             UMD | Mapped hugepage 0x500000000 to NOC address 0x1000000000000000 (silicon_sysmem_manager.cpp:262)
2026-06-06 00:20:22.380 | info     |             UMD | Mapped hugepage 0x480000000 to NOC address 0x1000000000000000 (silicon_sysmem_manager.cpp:262)
2026-06-06 00:20:22.381 | info     |             UMD | Mapped hugepage 0x4c0000000 to NOC address 0x1000000000000000 (silicon_sysmem_manager.cpp:262)
2026-06-06 00:20:23.291 | info     |     Distributed | Using auto discovery to generate mesh graph. (metal_env.cpp:332)
2026-06-06 00:20:23.291 | info     |     Distributed | Constructing control plane using auto-discovery (no mesh graph descriptor). (metal_env.cpp:394)
2026-06-06 00:20:23.291 | DEBUG    | ttnn.device:__init__:150 - Using default dispatch core type for this system: DispatchCoreType.WORKER
2026-06-06 00:20:23.291 | DEBUG    | ttnn.device:__init__:152 - Using default dispatch core axis for this system: DispatchCoreAxis.COL
2026-06-06 00:20:23.292 | info     |             UMD | Creating TopologyDiscovery for architecture: blackhole (topology_discovery.cpp:72)
2026-06-06 00:20:23.293 | info     |             UMD | Established firmware bundle version: 19.6.0 (topology_discovery.cpp:468)
2026-06-06 00:20:23.293 | info     |             UMD | Firmware bundle version 19.6.0 on the system is newer than the latest fully tested version 19.5.0 for blackhole architecture. Newest features may not be supported. (topology_discovery.cpp:494)
2026-06-06 00:20:23.302 | info     |          Fabric | TopologyMapper: Logical Multi-Mesh Adjacency Map: (topology_mapper.cpp:1474)
2026-06-06 00:20:23.302 | info     |          Fabric | 
=== Logical Mesh-Level Graph Adjacency Map ===
Total nodes: 1
Degree histogram: {0:1}
 (topology_solver.tpp:91)
2026-06-06 00:20:23.302 | info     |          Fabric | 
=== Logical Mesh 0 Internal Graph Adjacency Map ===
Total nodes: 4
Degree histogram: {2:4}
 (topology_solver.tpp:91)
2026-06-06 00:20:23.302 | info     |          Fabric | TopologyMapper: Physical Multi-Mesh Adjacency Map: (topology_mapper.cpp:1485)
2026-06-06 00:20:23.302 | info     |          Fabric | 
=== Physical Mesh-Level Graph Adjacency Map ===
Total nodes: 1
Degree histogram: {0:1}
 (topology_solver.tpp:91)
2026-06-06 00:20:23.302 | info     |          Fabric | 
=== Physical Mesh 0 Internal Graph Adjacency Map ===
Total nodes: 4
Degree histogram: {2:4}
 (topology_solver.tpp:91)
2026-06-06 00:20:23.302 | info     |          Fabric | Starting multi-mesh mapping: 1 logical mesh(es) to 1 physical mesh(es) (topology_mapper_utils.cpp:1465)
2026-06-06 00:20:23.302 | info     |          Fabric | Multi-mesh mapping attempt 1/2: Trying inter-mesh mapping (topology_mapper_utils.cpp:1506)
2026-06-06 00:20:23.302 | info     |          Fabric | Attempt 1: Inter-mesh mapping succeeded, found 1 mesh pair(s) (topology_mapper_utils.cpp:1535)
2026-06-06 00:20:23.302 | info     |          Fabric | Attempt 1: Mapping 1 mesh pair(s) (topology_mapper_utils.cpp:1547)
2026-06-06 00:20:23.302 | info     |          Fabric | Attempt 1: Mapping mesh 0 -> 0 (topology_mapper_utils.cpp:1549)
2026-06-06 00:20:23.302 | info     |          Fabric | Multi-mesh mapping succeeded after 1 attempt(s): 1 mesh pair(s) mapped (topology_mapper_utils.cpp:1682)
2026-06-06 00:20:23.328 | info     |    BuildKernels | Using pre-compiled firmware from: /home/aditya/tenstorrent/tt-metal/tt_metal/pre-compiled/7480443082328483327/ (build_env_manager.cpp:256)
2026-06-06 00:20:23.328 | info     |    BuildKernels | Using pre-compiled firmware from: /home/aditya/tenstorrent/tt-metal/tt_metal/pre-compiled/7480443082328483327/ (build_env_manager.cpp:256)
2026-06-06 00:20:23.328 | info     |    BuildKernels | Using pre-compiled firmware from: /home/aditya/tenstorrent/tt-metal/tt_metal/pre-compiled/7480443082328483327/ (build_env_manager.cpp:256)
2026-06-06 00:20:23.328 | info     |    BuildKernels | Using pre-compiled firmware from: /home/aditya/tenstorrent/tt-metal/tt_metal/pre-compiled/7480443082328483327/ (build_env_manager.cpp:256)
2026-06-06 00:20:23.401 | info     |           Metal | Initializing Fabric (fabric_firmware_initializer.cpp:45)
2026-06-06 00:20:23.438 | info     |           Metal | Fabric initialized on Device 0 (device.cpp:412)
2026-06-06 00:20:23.442 | info     |           Metal | Fabric initialized on Device 1 (device.cpp:412)
2026-06-06 00:20:23.444 | info     |           Metal | Fabric initialized on Device 2 (device.cpp:412)
2026-06-06 00:20:23.445 | info     |           Metal | Fabric initialized on Device 3 (device.cpp:412)
2026-06-06 00:20:23.445 | info     |           Metal | Fabric initialized on 4 devices (fabric_firmware_initializer.cpp:173)
2026-06-06 00:20:23.445 | info     |           Metal | Fabric Initialized with config FabricConfig::FABRIC_1D (fabric_firmware_initializer.cpp:48)
[00:20:23]   mesh: MeshDevice(1x4 grid, 4 devices)
[00:20:23] [bootstrap] variant=it model=google/gemma-4-12B-it — config + tokenizer…
[transformers] You are using a model of type `gemma4_unified` to instantiate a model of type ``. This may be expected if you are loading a checkpoint that shares a subset of the architecture (e.g., loading a `sam2_video` checkpoint into `Sam2Model`), but is otherwise not supported and can yield errors. Please verify that the checkpoint is compatible with the model you are instantiating.
[00:20:27]   tokenizer: GemmaTokenizer, eos_token='<eos>' id=1, chat_template_installed=False
[00:20:27]   48 layers; 40 sliding / 8 global
[00:20:27] [bootstrap] enumerate shards + load top-level weights to mesh…
[00:20:27]   677 keys total
[00:20:29]   embed: (262144, 3840)
[00:20:29]   final_norm: (3840,)
[00:20:36]   lm_head (tied, vocab-sharded dim=1, per-chip 65536): (3840, 262144)
[00:20:36]   paged SDPA: MAX_KV=4096, block_size=32, num_blocks=128
[00:20:42]   KV caches: 48 layers allocated (sliding: 2 caches/layer × 40 layers)
[00:20:42]   SDPA program/memory/compute configs ready
[00:20:42]   RoPE tables: sliding [(4096, 256)] + global [(4096, 512)] (MAX_KV=4096)
[00:20:42] [bootstrap] uploading 48 layer weights to mesh…
[00:20:56]   layer 10/48 uploaded (13.8s)
[00:21:10]   layer 20/48 uploaded (27.6s)
[00:21:23]   layer 30/48 uploaded (41.3s)
[00:21:37]   layer 40/48 uploaded (54.9s)
[00:21:48]   all layer weights uploaded in 65.9s
[00:21:48] [bootstrap] ready (v0.1.0 — embed + L0 input_layernorm only).
[00:21:48] bootstrap took 86.1s
[00:21:48] running 100 EAGER steps (teacher-forced pos 0..5, free-run after)…
[00:22:09]   eager done in 21.2s (211.7 ms/tok)
[00:22:09]   eager first 10: [532, 514, 532, 496, 100, 236743, 45518, 100, 101, 818]
[00:22:09]   eager last  10: [1018, 237221, 50429, 21719, 1018, 142253, 1018, 237221, 50429, 21719]
[00:22:09] capturing decode trace…
[00:22:09] [trace] warmup + capture decode trace…
[00:22:10] [trace] captured in 727 ms (id=MeshTraceId(0))
[00:22:10]   trace capture took 0.7s
[00:22:10] running 100 TRACED steps (same prompt)…
[00:22:15]   traced done in 5.0s (49.5 ms/tok)
[00:22:15]   traced first 10: [532, 514, 532, 496, 100, 236743, 45518, 100, 101, 818]
[00:22:15]   traced last  10: [1018, 237221, 50429, 21719, 1018, 142253, 1018, 237221, 50429, 21719]
[00:22:15] ==============================================================================
[00:22:15] v0.4 traced vs eager token-for-token match: 100/100
[00:22:15] ==============================================================================
[00:22:15] VERDICT: PASS
2026-06-06 00:22:16.333 | info     |    BuildKernels | JIT cache stats: 356/356 hits (100.0%) [356 cached, 271 build-once dedup, 0 merged artifacts, 0 merged genfiles] (build_cache_telemetry.cpp:197)
2026-06-06 00:22:16.333 | info     |    BuildKernels | JIT telemetry: 3 registered TelemetryTokens (build_cache_telemetry.cpp:230)
2026-06-06 00:22:16.333 | info     |    BuildKernels | JIT telemetry [dependencies_up_to_date]: count=712, total=609.231ms, min=0.021ms, max=6.321ms, mean=0.856ms (build_cache_telemetry.cpp:238)
2026-06-06 00:22:16.333 | info     |    BuildKernels | JIT telemetry [JitBuildState::build]: count=356, total=634.082ms, min=0.567ms, max=6.747ms, mean=1.781ms (build_cache_telemetry.cpp:238)
2026-06-06 00:22:16.333 | info     |    BuildKernels | JIT telemetry [jit_build]: count=155, total=296.620ms, min=0.586ms, max=6.791ms, mean=1.914ms (build_cache_telemetry.cpp:238)
2026-06-06 00:22:16.364 | info     |          Device | Closing user mode device drivers (tt_cluster.cpp:490)
2026-06-06 00:22:16.364 | info     |             UMD | Closing devices in cluster (cluster.cpp:961)
