[harness] running v04_trace_validate
[01:16:22] using pre-bootstrapped state from harness
[01:16:22] running 100 EAGER steps (teacher-forced pos 0..5, free-run after)…
[01:16:41]   eager done in 18.8s (187.9 ms/tok)
[01:16:41]   eager first 10: [532, 575, 532, 496, 563, 496, 45518, 107, 100, 45518]
[01:16:41]   eager last  10: [1018, 1018, 1018, 1018, 1018, 1018, 1018, 1018, 1018, 1018]
[01:16:41] capturing decode trace…
[01:16:41] [trace] warmup + capture decode trace…
[01:16:42] [trace] captured in 657 ms (id=MeshTraceId(0))
[01:16:42]   trace capture took 0.7s
[01:16:42] running 100 TRACED steps (same prompt)…
[01:16:46]   traced done in 4.7s (47.3 ms/tok)
[01:16:46]   traced first 10: [532, 575, 532, 496, 563, 496, 45518, 107, 100, 45518]
[01:16:46]   traced last  10: [1018, 1018, 1018, 1018, 1018, 1018, 1018, 1018, 1018, 1018]
[01:16:46] ==============================================================================
[01:16:46] v0.4 traced vs eager token-for-token match: 100/100
[01:16:46] ==============================================================================
[01:16:46] VERDICT: PASS
[harness] v04_trace_validate exited rc=0
[harness] v04_trace_validate exited rc=0
