[harness] running v04_trace_validate
[00:56:44] using pre-bootstrapped state from harness
[00:56:44] running 100 EAGER steps (teacher-forced pos 0..5, free-run after)…
[00:57:04]   eager done in 19.6s (196.0 ms/tok)
[00:57:04]   eager first 10: [532, 514, 532, 496, 100, 236743, 45518, 100, 101, 818]
[00:57:04]   eager last  10: [1018, 237221, 50429, 21719, 1018, 142253, 1018, 237221, 50429, 21719]
[00:57:04] capturing decode trace…
[00:57:04] [trace] warmup + capture decode trace…
[00:57:05] [trace] captured in 730 ms (id=MeshTraceId(0))
[00:57:05]   trace capture took 0.7s
[00:57:05] running 100 TRACED steps (same prompt)…
[00:57:09]   traced done in 4.8s (48.1 ms/tok)
[00:57:09]   traced first 10: [532, 514, 532, 496, 100, 236743, 45518, 100, 101, 818]
[00:57:09]   traced last  10: [1018, 237221, 50429, 21719, 1018, 142253, 1018, 237221, 50429, 21719]
[00:57:09] ==============================================================================
[00:57:09] v0.4 traced vs eager token-for-token match: 100/100
[00:57:09] ==============================================================================
[00:57:09] VERDICT: PASS
[harness] v04_trace_validate exited rc=0
[harness] v04_trace_validate exited rc=0
