2026-05-14 00:42:09.986 | DEBUG    | ttnn:<module>:79 - Initial ttnn.CONFIG:
Config{cache_path=/home/aditya/.cache/ttnn,model_cache_path=/home/aditya/.cache/ttnn/models,tmp_dir=/tmp/ttnn,enable_model_cache=false,enable_fast_runtime_mode=true,throw_exception_on_fallback=false,enable_logging=false,enable_graph_report=false,enable_detailed_buffer_report=false,enable_detailed_tensor_report=false,enable_comparison_mode=false,comparison_mode_should_raise_exception=false,comparison_mode_pcc=0.9999,root_report_path=generated/ttnn/reports,report_name=std::nullopt,std::nullopt}
==============================================================================
Conv1d circular buffer probe on qb1 device 2
  shape: CONV_DIM=10240  KERNEL=4  dtype=DataType.BFLOAT16
  steps simulated for correctness: 5
  latency: warmup=20, N=200
==============================================================================

[1] Opening device 2…
2026-05-14 00:42:10.079 | info     |             UMD | Creating TopologyDiscovery for architecture: blackhole (topology_discovery.cpp:72)
2026-05-14 00:42:10.081 | info     |             UMD | Established firmware bundle version: 19.6.0 (topology_discovery.cpp:468)
2026-05-14 00:42:10.081 | info     |             UMD | Firmware bundle version 19.6.0 on the system is newer than the latest fully tested version 19.5.0 for blackhole architecture. Newest features may not be supported. (topology_discovery.cpp:500)
2026-05-14 00:42:10.090 | info     |          Device | Opening user mode device driver (tt_cluster.cpp:224)
2026-05-14 00:42:10.090 | info     |             UMD | Creating TopologyDiscovery for architecture: blackhole (topology_discovery.cpp:72)
2026-05-14 00:42:10.091 | info     |             UMD | Established firmware bundle version: 19.6.0 (topology_discovery.cpp:468)
2026-05-14 00:42:10.091 | info     |             UMD | Firmware bundle version 19.6.0 on the system is newer than the latest fully tested version 19.5.0 for blackhole architecture. Newest features may not be supported. (topology_discovery.cpp:500)
2026-05-14 00:42:10.099 | info     |             UMD | Harvesting masks for Chip 3: Tensix: 0xc0 DRAM: 0x0 ETH: 0x120 PCIe: 0x2 L2CPU: 0x0 (cluster.cpp:283)
2026-05-14 00:42:10.127 | info     |             UMD | Harvesting masks for Chip 0: Tensix: 0xc0 DRAM: 0x0 ETH: 0x120 PCIe: 0x2 L2CPU: 0x0 (cluster.cpp:283)
2026-05-14 00:42:10.128 | info     |             UMD | Harvesting masks for Chip 1: Tensix: 0xc0 DRAM: 0x0 ETH: 0x120 PCIe: 0x2 L2CPU: 0x0 (cluster.cpp:283)
2026-05-14 00:42:10.129 | info     |             UMD | Harvesting masks for Chip 2: Tensix: 0xc0 DRAM: 0x0 ETH: 0x120 PCIe: 0x2 L2CPU: 0x0 (cluster.cpp:283)
2026-05-14 00:42:10.131 | info     |             UMD | Opening local chip ids/PCIe ids: {0, 1, 2, 3}/[1, 2, 3, 0] and remote chip ids {} (cluster.cpp:183)
2026-05-14 00:42:10.131 | info     |             UMD | IOMMU: disabled (cluster.cpp:157)
2026-05-14 00:42:10.131 | info     |             UMD | KMD version: 2.8.0 (cluster.cpp:160)
2026-05-14 00:42:10.134 | info     |             UMD | Starting devices in cluster (cluster.cpp:949)
2026-05-14 00:42:11.134 | warning  |             UMD | Waiting for lock 'CHIP_IN_USE_1_PCIe' which is currently held by thread TID: 660334, PID: 660334 (robust_mutex.cpp:422)
2026-05-14 00:42:57.782 | info     |             UMD | Mapped hugepage 0x180000000 to NOC address 0x1000000000000000 (silicon_sysmem_manager.cpp:262)
2026-05-14 00:42:58.102 | info     |             UMD | Mapped hugepage 0x1c0000000 to NOC address 0x1000000000000000 (silicon_sysmem_manager.cpp:262)
2026-05-14 00:42:58.367 | info     |             UMD | Mapped hugepage 0x200000000 to NOC address 0x1000000000000000 (silicon_sysmem_manager.cpp:262)
2026-05-14 00:42:58.675 | info     |             UMD | Mapped hugepage 0x140000000 to NOC address 0x1000000000000000 (silicon_sysmem_manager.cpp:262)
2026-05-14 00:42:59.532 | info     |     Distributed | Using auto discovery to generate mesh graph. (metal_env.cpp:332)
2026-05-14 00:42:59.532 | info     |     Distributed | Constructing control plane using auto-discovery (no mesh graph descriptor). (metal_env.cpp:394)
2026-05-14 00:42:59.532 | info     |             UMD | Creating TopologyDiscovery for architecture: blackhole (topology_discovery.cpp:72)
2026-05-14 00:42:59.534 | info     |             UMD | Established firmware bundle version: 19.6.0 (topology_discovery.cpp:468)
2026-05-14 00:42:59.534 | info     |             UMD | Firmware bundle version 19.6.0 on the system is newer than the latest fully tested version 19.5.0 for blackhole architecture. Newest features may not be supported. (topology_discovery.cpp:500)
2026-05-14 00:42:59.543 | info     |          Fabric | TopologyMapper: Logical Multi-Mesh Adjacency Map: (topology_mapper.cpp:1474)
2026-05-14 00:42:59.543 | info     |          Fabric | 
=== Logical Mesh-Level Graph Adjacency Map ===
Total nodes: 1
Degree histogram: {0:1}
 (topology_solver.tpp:91)
2026-05-14 00:42:59.543 | info     |          Fabric | 
=== Logical Mesh 0 Internal Graph Adjacency Map ===
Total nodes: 4
Degree histogram: {2:4}
 (topology_solver.tpp:91)
2026-05-14 00:42:59.543 | info     |          Fabric | TopologyMapper: Physical Multi-Mesh Adjacency Map: (topology_mapper.cpp:1485)
2026-05-14 00:42:59.543 | info     |          Fabric | 
=== Physical Mesh-Level Graph Adjacency Map ===
Total nodes: 1
Degree histogram: {0:1}
 (topology_solver.tpp:91)
2026-05-14 00:42:59.543 | info     |          Fabric | 
=== Physical Mesh 0 Internal Graph Adjacency Map ===
Total nodes: 4
Degree histogram: {2:4}
 (topology_solver.tpp:91)
2026-05-14 00:42:59.543 | info     |          Fabric | Starting multi-mesh mapping: 1 logical mesh(es) to 1 physical mesh(es) (topology_mapper_utils.cpp:1469)
2026-05-14 00:42:59.543 | info     |          Fabric | Multi-mesh mapping attempt 1/2: Trying inter-mesh mapping (topology_mapper_utils.cpp:1510)
2026-05-14 00:42:59.543 | info     |          Fabric | Attempt 1: Inter-mesh mapping succeeded, found 1 mesh pair(s) (topology_mapper_utils.cpp:1539)
2026-05-14 00:42:59.543 | info     |          Fabric | Attempt 1: Mapping 1 mesh pair(s) (topology_mapper_utils.cpp:1547)
2026-05-14 00:42:59.543 | info     |          Fabric | Attempt 1: Mapping mesh 0 -> 0 (topology_mapper_utils.cpp:1554)
2026-05-14 00:42:59.543 | info     |          Fabric | Multi-mesh mapping succeeded after 1 attempt(s): 1 mesh pair(s) mapped (topology_mapper_utils.cpp:1686)
2026-05-14 00:42:59.551 | info     |    BuildKernels | Using pre-compiled firmware from: /home/aditya/tt-xla/.venv/lib/python3.10/site-packages/ttnn/tt_metal/pre-compiled/7480443082328483327/ (build_env_manager.cpp:259)
2026-05-14 00:42:59.554 | info     |    BuildKernels | Using pre-compiled firmware from: /home/aditya/tt-xla/.venv/lib/python3.10/site-packages/ttnn/tt_metal/pre-compiled/7480443082328483327/ (build_env_manager.cpp:259)
2026-05-14 00:42:59.556 | info     |    BuildKernels | Using pre-compiled firmware from: /home/aditya/tt-xla/.venv/lib/python3.10/site-packages/ttnn/tt_metal/pre-compiled/7480443082328483327/ (build_env_manager.cpp:259)
2026-05-14 00:42:59.558 | info     |    BuildKernels | Using pre-compiled firmware from: /home/aditya/tt-xla/.venv/lib/python3.10/site-packages/ttnn/tt_metal/pre-compiled/7480443082328483327/ (build_env_manager.cpp:259)
2026-05-14 00:42:59.618 | warning  |           Metal | Opening subset of mmio devices slows down UMD read/write to remote chips. If opening more devices, consider using CreateDevices API. (device_manager.cpp:261)

[2] Numpy reference rollout…
  ✓ 5 gold outputs computed (||out_0||=4.58)

[3] Uploading tensors…

[4] V1 correctness (current path)…
  step 0: cos(V1, gold) = 0.999994
  step 1: cos(V1, gold) = 0.999993
  step 2: cos(V1, gold) = 0.999992
  step 3: cos(V1, gold) = 0.999993
  step 4: cos(V1, gold) = 0.999993

[5] V2 setup (update_cache ring + pre-rotated weights)…
2026-05-14 00:43:00.554 | critical |          Always | TT_THROW: Statically allocated circular buffers on core range [(x=0,y=0) - (x=0,y=0)] grow to 26325504 B which is beyond max L1 size of 1572864 B (assert.hpp:104)
  ✗ update_cache_for_token_ failed at step 0: TT_THROW @ /project/tt_metal/impl/program/program.cpp:1136: tt::exception
info:
Statically allocated circular buffers on core range [(x=0,y=0) - (x=0,y=0)] grow to 26325504 B which is beyond max L1 size of 1572864 B
backtrace:
 --- /home/aditya/tt-xla/.venv/lib/python3.10/site-packages/ttnn/build/lib/_ttnncpp.so(+0xef2edb) [0x73b0f88f2edb]
 --- tt::tt_metal::detail::ProgramImpl::validate_circular_buffer_region(tt::tt_metal::IDevice const*)
 --- tt::tt_metal::distributed::MeshWorkloadImpl::compile(tt::tt_metal::distributed::MeshDevice*)
 --- tt::tt_metal::distributed::EnqueueMeshWorkload(tt::tt_metal::distributed::MeshCommandQueue&, tt::tt_metal::distributed::MeshWorkload&, bool)
 --- /home/aditya/tt-xla/.venv/lib/python3.10/site-packages/ttnn/build/lib/_ttnncpp.so(_ZN4ttnn16device_operation6detail21enqueue_mesh_workloadITkNS0_36DeviceOperationWithMeshDeviceAdapterENS0_26MeshDeviceOperationAdapterINS_4prim22UpdateKVCacheOperationEEEEEvRKNT_22operation_attributes_tERKNS7_13tensor_args_tERNS7_21tensor_return_value_tEPN2tt8tt_metal11distributed10MeshDeviceERNSI_12MeshWorkloadEb+0x2a2) [0x73b0f89ac0a2]
 --- /home/aditya/tt-xla/.venv/lib/python3.10/site-packages/ttnn/build/lib/_ttnncpp.so(+0xfacd89) [0x73b0f89acd89]
 --- /home/aditya/tt-xla/.venv/lib/python3.10/site-packages/ttnn/build/lib/_ttnncpp.so(_ZN4ttnn16device_operation6detail29launch_operation_with_adapterITkNS0_36DeviceOperationWithMeshDeviceAdapterENS0_26MeshDeviceOperationAdapterINS_4prim22UpdateKVCacheOperationEEEEEvRKNT_22operation_attributes_tERKNS7_13tensor_args_tERNS7_21tensor_return_value_tEPN2tt8tt_metal11distributed10MeshDeviceE+0x1db) [0x73b0f89aad1b]
 --- /home/aditya/tt-xla/.venv/lib/python3.10/site-packages/ttnn/build/lib/_ttnncpp.so(_ZN4ttnn16device_operation6detail6launchITkNS0_22DeviceOperationConceptENS_4prim22UpdateKVCacheOperationEEENT_21tensor_return_value_tERKNS5_22operation_attributes_tERKNS5_13tensor_args_tE+0x31e) [0x73b0f89aa27e]
 --- ttnn::update_cache_for_token_(tt::tt_metal::Tensor const&, tt::tt_metal::Tensor const&, unsigned int, unsigned int, std::optional<ttnn::ComputeKernelConfig const>)
 --- /home/aditya/tt-xla/.venv/lib/python3.10/site-packages/ttnn/_ttnn.cpython-310-x86_64-linux-gnu.so(+0x409524) [0x73b0f9809524]
 --- /home/aditya/tt-xla/.venv/lib/python3.10/site-packages/ttnn/_ttnn.cpython-310-x86_64-linux-gnu.so(+0x280525) [0x73b0f9680525]
 --- .venv/bin/python(_PyObject_FastCallDictTstate+0x253) [0x5f6046ef4bf3]
 --- .venv/bin/python(_PyObject_Call_Prepend+0x5c) [0x5f6046f0984c]
 --- .venv/bin/python(+0x29cde4) [0x5f6047010de4]
 --- .venv/bin/python(PyObject_Call+0xbb) [0x5f6046f0d32b]
 --- .venv/bin/python(_PyEval_EvalFrameDefault+0x286b) [0x5f6046eebd7b]
 --- .venv/bin/python(_PyObject_FastCallDictTstate+0xc4) [0x5f6046ef4a64]
 --- .venv/bin/python(_PyObject_Call_Prepend+0x5c) [0x5f6046f0984c]
 --- .venv/bin/python(+0x29cde4) [0x5f6047010de4]
 --- .venv/bin/python(_PyObject_MakeTpCall+0x25b) [0x5f6046ef589b]
 --- .venv/bin/python(_PyEval_EvalFrameDefault+0x60be) [0x5f6046eef5ce]
 --- .venv/bin/python(_PyFunction_Vectorcall+0x7c) [0x5f6046eff68c]
 --- .venv/bin/python(_PyEval_EvalFrameDefault+0x6c0) [0x5f6046ee9bd0]
 --- .venv/bin/python(+0x259d36) [0x5f6046fcdd36]
 --- .venv/bin/python(PyEval_EvalCode+0x86) [0x5f6046fcdc06]
 --- .venv/bin/python(+0x280678) [0x5f6046ff4678]
 --- .venv/bin/python(+0x27accf) [0x5f6046feeccf]
 --- .venv/bin/python(+0x280415) [0x5f6046ff4415]
 --- .venv/bin/python(_PyRun_SimpleFileObject+0x1a8) [0x5f6046ff3958]
 --- .venv/bin/python(_PyRun_AnyFileObject+0x47) [0x5f6046ff3637]
 --- .venv/bin/python(Py_RunMain+0x2be) [0x5f6046fe7bfe]
 --- .venv/bin/python(Py_BytesMain+0x2d) [0x5f6046fc1c4d]
 --- /lib/x86_64-linux-gnu/libc.so.6(+0x29d90) [0x73b1ff429d90]
 --- /lib/x86_64-linux-gnu/libc.so.6(__libc_start_main+0x80) [0x73b1ff429e40]
 --- .venv/bin/python(_start+0x25) [0x5f6046fc1b45]


[6] V3 slice-write shift (may hang on Blackhole)…
  shift op (single try): 3.546 ms
  write op (single try): 1.101 ms
  buffer slot K-1 matches new_col: False

[7] V4 floor (mul+sum+silu only on pre-built input)…

[8] Latency (steady-state, after warmup)…

  V1 (concat + mul + sum + silu + slice): 1.2345 ms
  V2 SKIPPED (correctness failed)
  V3 (slice-write shift): FAIL/SKIP (latency not measured — single-shot only)
  V4 (mul + sum + silu only, floor): 1.0078 ms  (+18.4% vs V1)

  Per-token at 48 DeltaNet layers:
    V1 baseline:               59.26 ms
    V4 floor (no state mgmt):  48.38 ms  (max possible save: 10.88 ms/tok)

[9] Verdict
  V2 correctness failed — cannot ship.

  ✓ device closed
2026-05-14 00:43:01.463 | info     |    BuildKernels | JIT cache stats: 62/65 hits (95.4%) [62 cached, 19 build-once dedup, 0 merged artifacts, 0 merged genfiles] (build_cache_telemetry.cpp:207)
2026-05-14 00:43:01.464 | info     |    BuildKernels | JIT telemetry: 3 registered TelemetryTokens (build_cache_telemetry.cpp:230)
2026-05-14 00:43:01.464 | info     |    BuildKernels | JIT telemetry [dependencies_up_to_date]: count=124, total=102.318ms, min=0.025ms, max=4.037ms, mean=0.825ms (build_cache_telemetry.cpp:246)
2026-05-14 00:43:01.464 | info     |    BuildKernels | JIT telemetry [JitBuildState::build]: count=65, total=2089.485ms, min=0.687ms, max=715.656ms, mean=32.146ms (build_cache_telemetry.cpp:246)
2026-05-14 00:43:01.464 | info     |    BuildKernels | JIT telemetry [jit_build]: count=35, total=52.121ms, min=0.704ms, max=4.297ms, mean=1.489ms (build_cache_telemetry.cpp:246)
2026-05-14 00:43:01.491 | info     |          Device | Closing user mode device drivers (tt_cluster.cpp:490)
2026-05-14 00:43:01.491 | info     |             UMD | Closing devices in cluster (cluster.cpp:961)
