2026-05-13 20:40:37.923 | DEBUG    | ttnn:<module>:79 - Initial ttnn.CONFIG:
Config{cache_path=/home/aditya/.cache/ttnn,model_cache_path=/home/aditya/.cache/ttnn/models,tmp_dir=/tmp/ttnn,enable_model_cache=false,enable_fast_runtime_mode=true,throw_exception_on_fallback=false,enable_logging=false,enable_graph_report=false,enable_detailed_buffer_report=false,enable_detailed_tensor_report=false,enable_comparison_mode=false,comparison_mode_should_raise_exception=false,comparison_mode_pcc=0.9999,root_report_path=generated/ttnn/reports,report_name=std::nullopt,std::nullopt}
========================================================================
Probe: ttnn.kv_cache.update_cache_for_token_  device_id=0
  shape: cache=[1, 4, 256, 256]  src=[1, 4, 1, 256]
========================================================================
2026-05-13 20:40:38.022 | info     |             UMD | Creating TopologyDiscovery for architecture: blackhole (topology_discovery.cpp:72)
2026-05-13 20:40:38.026 | info     |             UMD | Established firmware bundle version: 19.6.0 (topology_discovery.cpp:468)
2026-05-13 20:40:38.026 | info     |             UMD | Firmware bundle version 19.6.0 on the system is newer than the latest fully tested version 19.5.0 for blackhole architecture. Newest features may not be supported. (topology_discovery.cpp:500)
2026-05-13 20:40:38.042 | info     |          Device | Opening user mode device driver (tt_cluster.cpp:224)
2026-05-13 20:40:38.043 | info     |             UMD | Creating TopologyDiscovery for architecture: blackhole (topology_discovery.cpp:72)
2026-05-13 20:40:38.046 | info     |             UMD | Established firmware bundle version: 19.6.0 (topology_discovery.cpp:468)
2026-05-13 20:40:38.046 | info     |             UMD | Firmware bundle version 19.6.0 on the system is newer than the latest fully tested version 19.5.0 for blackhole architecture. Newest features may not be supported. (topology_discovery.cpp:500)
2026-05-13 20:40:38.061 | info     |             UMD | Harvesting masks for Chip 2: Tensix: 0xc0 DRAM: 0x0 ETH: 0x120 PCIe: 0x2 L2CPU: 0x0 (cluster.cpp:283)
2026-05-13 20:40:38.085 | info     |             UMD | Harvesting masks for Chip 0: Tensix: 0xc0 DRAM: 0x0 ETH: 0x120 PCIe: 0x2 L2CPU: 0x0 (cluster.cpp:283)
2026-05-13 20:40:38.088 | info     |             UMD | Harvesting masks for Chip 1: Tensix: 0xc0 DRAM: 0x0 ETH: 0x120 PCIe: 0x2 L2CPU: 0x0 (cluster.cpp:283)
2026-05-13 20:40:38.092 | info     |             UMD | Harvesting masks for Chip 3: Tensix: 0xc0 DRAM: 0x0 ETH: 0x120 PCIe: 0x2 L2CPU: 0x0 (cluster.cpp:283)
2026-05-13 20:40:38.096 | info     |             UMD | Opening local chip ids/PCIe ids: {0, 1, 2, 3}/[1, 2, 3, 0] and remote chip ids {} (cluster.cpp:183)
2026-05-13 20:40:38.096 | info     |             UMD | IOMMU: disabled (cluster.cpp:157)
2026-05-13 20:40:38.096 | info     |             UMD | KMD version: 2.8.0 (cluster.cpp:160)
2026-05-13 20:40:38.099 | info     |             UMD | Starting devices in cluster (cluster.cpp:949)
2026-05-13 20:40:38.100 | info     |             UMD | Mapped hugepage 0x4c0000000 to NOC address 0x1000000000000000 (silicon_sysmem_manager.cpp:262)
2026-05-13 20:40:38.101 | info     |             UMD | Mapped hugepage 0x480000000 to NOC address 0x1000000000000000 (silicon_sysmem_manager.cpp:262)
2026-05-13 20:40:38.102 | info     |             UMD | Mapped hugepage 0x500000000 to NOC address 0x1000000000000000 (silicon_sysmem_manager.cpp:262)
2026-05-13 20:40:38.103 | info     |             UMD | Mapped hugepage 0x440000000 to NOC address 0x1000000000000000 (silicon_sysmem_manager.cpp:262)
2026-05-13 20:40:38.718 | info     |     Distributed | Using auto discovery to generate mesh graph. (metal_env.cpp:332)
2026-05-13 20:40:38.718 | info     |     Distributed | Constructing control plane using auto-discovery (no mesh graph descriptor). (metal_env.cpp:394)
2026-05-13 20:40:38.718 | info     |             UMD | Creating TopologyDiscovery for architecture: blackhole (topology_discovery.cpp:72)
2026-05-13 20:40:38.719 | info     |             UMD | Established firmware bundle version: 19.6.0 (topology_discovery.cpp:468)
2026-05-13 20:40:38.719 | info     |             UMD | Firmware bundle version 19.6.0 on the system is newer than the latest fully tested version 19.5.0 for blackhole architecture. Newest features may not be supported. (topology_discovery.cpp:500)
2026-05-13 20:40:38.728 | info     |          Fabric | TopologyMapper: Logical Multi-Mesh Adjacency Map: (topology_mapper.cpp:1474)
2026-05-13 20:40:38.728 | info     |          Fabric | 
=== Logical Mesh-Level Graph Adjacency Map ===
Total nodes: 1
Degree histogram: {0:1}
 (topology_solver.tpp:91)
2026-05-13 20:40:38.728 | info     |          Fabric | 
=== Logical Mesh 0 Internal Graph Adjacency Map ===
Total nodes: 4
Degree histogram: {2:4}
 (topology_solver.tpp:91)
2026-05-13 20:40:38.728 | info     |          Fabric | TopologyMapper: Physical Multi-Mesh Adjacency Map: (topology_mapper.cpp:1485)
2026-05-13 20:40:38.728 | info     |          Fabric | 
=== Physical Mesh-Level Graph Adjacency Map ===
Total nodes: 1
Degree histogram: {0:1}
 (topology_solver.tpp:91)
2026-05-13 20:40:38.728 | info     |          Fabric | 
=== Physical Mesh 0 Internal Graph Adjacency Map ===
Total nodes: 4
Degree histogram: {2:4}
 (topology_solver.tpp:91)
2026-05-13 20:40:38.728 | info     |          Fabric | Starting multi-mesh mapping: 1 logical mesh(es) to 1 physical mesh(es) (topology_mapper_utils.cpp:1469)
2026-05-13 20:40:38.728 | info     |          Fabric | Multi-mesh mapping attempt 1/2: Trying inter-mesh mapping (topology_mapper_utils.cpp:1510)
2026-05-13 20:40:38.728 | info     |          Fabric | Attempt 1: Inter-mesh mapping succeeded, found 1 mesh pair(s) (topology_mapper_utils.cpp:1539)
2026-05-13 20:40:38.728 | info     |          Fabric | Attempt 1: Mapping 1 mesh pair(s) (topology_mapper_utils.cpp:1547)
2026-05-13 20:40:38.728 | info     |          Fabric | Attempt 1: Mapping mesh 0 -> 0 (topology_mapper_utils.cpp:1554)
2026-05-13 20:40:38.728 | info     |          Fabric | Multi-mesh mapping succeeded after 1 attempt(s): 1 mesh pair(s) mapped (topology_mapper_utils.cpp:1686)
2026-05-13 20:40:38.823 | warning  |           Metal | Opening subset of mmio devices slows down UMD read/write to remote chips. If opening more devices, consider using CreateDevices API. (device_manager.cpp:261)

[1] Inspect ttnn.kv_cache.update_cache_for_token_:
  ✓ found ttnn.kv_cache.update_cache_for_token_
  doc preview:
  Updates the :attr:`cache` tensor in-place with values from :attr:`input` at :attr:`update_index` and :attr:`batch_offset`.
  
  
          Args:
              cache (ttnn.Tensor): the cache tensor to be written to.
              token (ttnn.Tensor): the token tensor to be written to the cache.

[2] Correctness — INTERLEAVED memory config, write at pos=17:
  ✓ call succeeded, no hang
  cache[:, :, 17, :] vs src: max|Δ| = 7.7748e-03
  cache[:, :, 16, :] preserved: max|Δ| = 6.4054e-04
  ✓ IN-PLACE WRITE CORRECT (target written, neighbours preserved)

[3] Sequential writes at pos = 0, 32, 64, 100 — accumulation correct?
    pos=  0: max|Δ| = 7.7376e-03  ✓
    pos= 32: max|Δ| = 7.8003e-03  ✓
    pos= 64: max|Δ| = 7.7934e-03  ✓
    pos=100: max|Δ| = 7.7367e-03  ✓
  ✓ all 4 sequential writes correct

[4] Perf vs ttnn.scatter at production shape:
  update_cache_for_token_: 0.019 ms
  ttnn.scatter:            0.137 ms
  speedup:                 7.20x
  Per-token decode savings (32 writes): 3.78 ms/tok

[5] Inside a trace — does update_cache_for_token_ work?
  ✓ trace captured, tid=MeshTraceId(0)
  ✓ execute_trace replay succeeded

========================================================================
VERDICT
========================================================================
✓ ttnn.kv_cache.update_cache_for_token_ works on Blackhole
✓ INTERLEAVED memory config — no #16674 hang
✓ In-place mutation correct (single + sequential)
✓ Trace-compatible (no host write blocker)

PERF: 0.019 ms vs scatter 0.137 ms
      = 7.20x faster, saves 3.78 ms/tok in 27B decode

NEXT: swap ttnn.scatter -> ttnn.kv_cache.update_cache_for_token_ in
      gated_attn_step_ondevice / gated_attn_step_ondevice_traced.
      The in-trace ttnn.copy state-threading in C'4 v4 becomes
      redundant (update_cache is in-place natively).
2026-05-13 20:40:40.448 | info     |    BuildKernels | JIT cache stats: 45/52 hits (86.5%) [45 cached, 4 build-once dedup, 0 merged artifacts, 0 merged genfiles] (build_cache_telemetry.cpp:207)
2026-05-13 20:40:40.448 | info     |    BuildKernels | JIT telemetry: 3 registered TelemetryTokens (build_cache_telemetry.cpp:230)
2026-05-13 20:40:40.448 | info     |    BuildKernels | JIT telemetry [dependencies_up_to_date]: count=89, total=65.703ms, min=0.021ms, max=3.118ms, mean=0.738ms (build_cache_telemetry.cpp:246)
2026-05-13 20:40:40.448 | info     |    BuildKernels | JIT telemetry [JitBuildState::build]: count=51, total=3834.086ms, min=0.613ms, max=663.375ms, mean=75.178ms (build_cache_telemetry.cpp:246)
2026-05-13 20:40:40.448 | info     |    BuildKernels | JIT telemetry [jit_build]: count=21, total=1934.965ms, min=0.631ms, max=545.498ms, mean=92.141ms (build_cache_telemetry.cpp:246)
2026-05-13 20:40:40.473 | info     |          Device | Closing user mode device drivers (tt_cluster.cpp:490)
2026-05-13 20:40:40.474 | info     |             UMD | Closing devices in cluster (cluster.cpp:961)
